Product: MDK-ARM Standard 5.10
Component: ARM Compiler 5.04 update 1 (build 49)
Tool: armlink [5040049]

==============================================================================

Section Cross References

    startup_stm32f10x_hd.o(STACK) refers (Special) to heapauxi.o(.text) for __use_two_region_memory
    startup_stm32f10x_hd.o(HEAP) refers (Special) to heapauxi.o(.text) for __use_two_region_memory
    startup_stm32f10x_hd.o(RESET) refers (Special) to heapauxi.o(.text) for __use_two_region_memory
    startup_stm32f10x_hd.o(RESET) refers to startup_stm32f10x_hd.o(STACK) for __initial_sp
    startup_stm32f10x_hd.o(RESET) refers to startup_stm32f10x_hd.o(.text) for Reset_Handler
    startup_stm32f10x_hd.o(RESET) refers to stm32f10x_it.o(.text) for NMI_Handler
    startup_stm32f10x_hd.o(.text) refers (Special) to heapauxi.o(.text) for __use_two_region_memory
    startup_stm32f10x_hd.o(.text) refers to system_stm32f10x.o(.text) for SystemInit
    startup_stm32f10x_hd.o(.text) refers to __main.o(!!!main) for __main
    startup_stm32f10x_hd.o(.text) refers to startup_stm32f10x_hd.o(HEAP) for Heap_Mem
    startup_stm32f10x_hd.o(.text) refers to startup_stm32f10x_hd.o(STACK) for Stack_Mem
    main.o(.text) refers to spwm.o(.text) for Caculate_Control_SPWM
    main.o(.text) refers to st7920.o(.text) for GUI_DISP_HZ
    main.o(.text) refers to stm32f10x_rcc.o(.text) for RCC_APB2PeriphClockCmd
    main.o(.text) refers to stm32f10x_gpio.o(.text) for GPIO_Init
    main.o(.text) refers to led.o(.text) for WorkLED_GPIO_Config
    main.o(.text) refers to systick.o(.text) for SysTick_Init
    main.o(.text) refers to key.o(.text) for Key_GPIO_Config
    main.o(.text) refers to timer.o(.text) for Timer_Init
    main.o(.text) refers to exti.o(.text) for NVIC_Configuration
    main.o(.text) refers to main.o(.data) for sin_cut
    main.o(.text) refers to main.o(.constdata) for sin_tbl
    main.o(.text) refers to main.o(.bss) for pwm
    exti.o(.text) refers to misc.o(.text) for NVIC_PriorityGroupConfig
    stm32f10x_it.o(.text) refers to systick.o(.text) for TimingDelay_Decrement
    stm32f10x_it.o(.text) refers to stm32f10x_tim.o(.text) for TIM_GetITStatus
    stm32f10x_it.o(.text) refers to main.o(.text) for Key_Value_Deal
    stm32f10x_it.o(.text) refers to stm32f10x_it.o(.data) for a
    stm32f10x_it.o(.text) refers to spwm.o(.data) for N120
    stm32f10x_it.o(.text) refers to spwm.o(.bss) for SINWAVE_DATA
    stm32f10x_it.o(.text) refers to key.o(.data) for key_value_past
    systick.o(.text) refers to system_stm32f10x.o(.data) for SystemCoreClock
    systick.o(.text) refers to systick.o(.data) for TimingDelay
    led.o(.text) refers to stm32f10x_rcc.o(.text) for RCC_APB2PeriphClockCmd
    led.o(.text) refers to stm32f10x_gpio.o(.text) for GPIO_Init
    timer.o(.text) refers to stm32f10x_tim.o(.text) for TIM_TimeBaseInit
    timer.o(.text) refers to stm32f10x_gpio.o(.text) for GPIO_Init
    timer.o(.text) refers to stm32f10x_rcc.o(.text) for RCC_APB2PeriphClockCmd
    st7920.o(.text) refers to stm32f10x_gpio.o(.text) for GPIO_Init
    st7920.o(.text) refers to stm32f10x_rcc.o(.text) for RCC_APB2PeriphClockCmd
    st7920.o(.text) refers to st7920.o(.constdata) for AC
    st7920.o(.text) refers to fleqf.o(x$fpl$fleqf) for __aeabi_cfcmple
    st7920.o(.text) refers to ffixu.o(x$fpl$ffixu) for __aeabi_f2uiz
    st7920.o(.text) refers to fmul.o(x$fpl$fmul) for __aeabi_fmul
    st7920.o(.text) refers to ffix.o(x$fpl$ffix) for __aeabi_f2iz
    key.o(.text) refers to stm32f10x_rcc.o(.text) for RCC_APB2PeriphClockCmd
    key.o(.text) refers to stm32f10x_gpio.o(.text) for GPIO_Init
    key.o(.text) refers to key.o(.data) for key_value_past
    adc.o(.text) refers to stm32f10x_rcc.o(.text) for RCC_AHBPeriphClockCmd
    adc.o(.text) refers to stm32f10x_gpio.o(.text) for GPIO_Init
    adc.o(.text) refers to stm32f10x_dma.o(.text) for DMA_DeInit
    adc.o(.text) refers to stm32f10x_adc.o(.text) for ADC_Init
    adc.o(.text) refers to dflt_clz.o(x$fpl$dfltu) for __aeabi_ui2d
    adc.o(.text) refers to dmul.o(x$fpl$dmul) for __aeabi_dmul
    adc.o(.text) refers to ddiv.o(x$fpl$ddiv) for __aeabi_ddiv
    adc.o(.text) refers to dfixu.o(x$fpl$dfixu) for __aeabi_d2uiz
    adc.o(.text) refers to adc.o(.bss) for ADC_Value_Tab
    display.o(.text) refers to adc.o(.text) for ADC1_Get_Value
    display.o(.text) refers to st7920.o(.text) for GUI_DISP_888_NUN
    spwm.o(.text) refers to dflt_clz.o(x$fpl$dfltu) for __aeabi_ui2d
    spwm.o(.text) refers to ddiv.o(x$fpl$ddiv) for __aeabi_ddiv
    spwm.o(.text) refers to dflt_clz.o(x$fpl$dflt) for __aeabi_i2d
    spwm.o(.text) refers to dmul.o(x$fpl$dmul) for __aeabi_dmul
    spwm.o(.text) refers to daddsub_clz.o(x$fpl$dadd) for __aeabi_dadd
    spwm.o(.text) refers to dfixu.o(x$fpl$dfixu) for __aeabi_d2uiz
    spwm.o(.text) refers to drleqf.o(x$fpl$drleqf) for __aeabi_cdrcmple
    spwm.o(.text) refers to cos.o(i.cos) for cos
    spwm.o(.text) refers to daddsub_clz.o(x$fpl$dsub) for __aeabi_dsub
[...]
    rtexit.o(.ARM.Collect$$rtexit$$00000000) refers (Special) to rtexit2.o(.ARM.Collect$$rtexit$$00000002) for __rt_exit_prels_1
    rtexit.o(.ARM.exidx) refers (Special) to rtexit2.o(.ARM.Collect$$rtexit$$00000004) for __rt_exit_exit
    rtexit.o(.ARM.exidx) refers (Special) to rtexit2.o(.ARM.Collect$$rtexit$$00000003) for __rt_exit_ls
    rtexit.o(.ARM.exidx) refers (Special) to rtexit2.o(.ARM.Collect$$rtexit$$00000002) for __rt_exit_prels_1
    rtexit.o(.ARM.exidx) refers to rtexit.o(.ARM.Collect$$rtexit$$00000000) for .ARM.Collect$$rtexit$$00000000
    libinit2.o(.ARM.Collect$$libinit$$0000000E) refers to libinit2.o(.ARM.Collect$$libinit$$0000000D) for .ARM.Collect$$libinit$$0000000D
    libinit2.o(.ARM.Collect$$libinit$$00000010) refers to libinit2.o(.ARM.Collect$$libinit$$0000000D) for .ARM.Collect$$libinit$$0000000D
    libinit2.o(.ARM.Collect$$libinit$$00000012) refers to libinit2.o(.ARM.Collect$$libinit$$0000000D) for .ARM.Collect$$libinit$$0000000D
    libinit2.o(.ARM.Collect$$libinit$$00000014) refers to libinit2.o(.ARM.Collect$$libinit$$0000000D) for .ARM.Collect$$libinit$$0000000D
    libinit2.o(.ARM.Collect$$libinit$$00000016) refers to libinit2.o(.ARM.Collect$$libinit$$0000000D) for .ARM.Collect$$libinit$$0000000D
    libinit2.o(.ARM.Collect$$libinit$$00000024) refers to argv_veneer.o(.emb_text) for __ARM_argv_veneer
    libinit2.o(.ARM.Collect$$libinit$$00000025) refers to argv_veneer.o(.emb_text) for __ARM_argv_veneer
    trapv.o(x$fpl$trapveneer) refers (Special) to usenofp.o(x$fpl$usenofp) for __I$use$fp
    rtexit2.o(.ARM.Collect$$rtexit$$00000003) refers to libshutdown.o(.ARM.Collect$$libshutdown$$00000000) for __rt_lib_shutdown
    rtexit2.o(.ARM.Collect$$rtexit$$00000004) refers to sys_exit.o(.text) for _sys_exit
    rtexit2.o(.ARM.exidx) refers to rtexit2.o(.ARM.Collect$$rtexit$$00000001) for .ARM.Collect$$rtexit$$00000001
    rtexit2.o(.ARM.exidx) refers to rtexit2.o(.ARM.Collect$$rtexit$$00000003) for .ARM.Collect$$rtexit$$00000003
    rtexit2.o(.ARM.exidx) refers to rtexit2.o(.ARM.Collect$$rtexit$$00000004) for .ARM.Collect$$rtexit$$00000004
    argv_veneer.o(.emb_text) refers to no_argv.o(.text) for __ARM_get_argv
    sys_exit.o(.text) refers (Special) to use_no_semi.o(.text) for __I$use$semihosting
    sys_exit.o(.text) refers (Special) to indicate_semi.o(.text) for __semihosting_library_function
    _get_argv_nomalloc.o(.text) refers (Special) to hrguard.o(.text) for __heap_region$guard
    _get_argv_nomalloc.o(.text) refers to defsig_rtmem_outer.o(.text) for __rt_SIGRTMEM
    _get_argv_nomalloc.o(.text) refers to sys_command.o(.text) for _sys_command_string
    libshutdown.o(.ARM.Collect$$libshutdown$$00000000) refers (Special) to libshutdown2.o(.ARM.Collect$$libshutdown$$00000006) for __rt_lib_shutdown_fp_trap_1
    libshutdown.o(.ARM.Collect$$libshutdown$$00000000) refers (Special) to libshutdown2.o(.ARM.Collect$$libshutdown$$0000000E) for __rt_lib_shutdown_heap_1
    libshutdown.o(.ARM.Collect$$libshutdown$$00000000) refers (Special) to libshutdown2.o(.ARM.Collect$$libshutdown$$0000000F) for __rt_lib_shutdown_return
    libshutdown.o(.ARM.Collect$$libshutdown$$00000000) refers (Special) to libshutdown2.o(.ARM.Collect$$libshutdown$$00000009) for __rt_lib_shutdown_signal_1
    libshutdown.o(.ARM.Collect$$libshutdown$$00000000) refers (Special) to libshutdown2.o(.ARM.Collect$$libshutdown$$00000003) for __rt_lib_shutdown_stdio_1
    libshutdown.o(.ARM.Collect$$libshutdown$$00000000) refers (Special) to libshutdown2.o(.ARM.Collect$$libshutdown$$0000000B) for __rt_lib_shutdown_user_alloc_1
    sys_command.o(.text) refers (Special) to use_no_semi.o(.text) for __I$use$semihosting
    sys_command.o(.text) refers (Special) to indicate_semi.o(.text) for __semihosting_library_function
    defsig_rtmem_outer.o(.text) refers to defsig_rtmem_inner.o(.text) for __rt_SIGRTMEM_inner
    defsig_rtmem_outer.o(.text) refers to defsig_exit.o(.text) for __sig_exit
    defsig_rtmem_formal.o(.text) refers to rt_raise.o(.text) for __rt_raise
    rt_raise.o(.text) refers to __raise.o(.text) for __raise
    rt_raise.o(.text) refers to sys_exit.o(.text) for _sys_exit
    defsig_exit.o(.text) refers to sys_exit.o(.text) for _sys_exit
    defsig_rtmem_inner.o(.text) refers to defsig_general.o(.text) for __default_signal_display
    __raise.o(.text) refers to defsig.o(CL$$defsig) for __default_signal_handler
    defsig_general.o(.text) refers to sys_wrch.o(.text) for _ttywrch
    sys_wrch.o(.text) refers (Special) to use_no_semi.o(.text) for __I$use$semihosting
    sys_wrch.o(.text) refers (Special) to indicate_semi.o(.text) for __semihosting_library_function
    defsig.o(CL$$defsig) refers to defsig_rtmem_inner.o(.text) for __rt_SIGRTMEM_inner
    defsig_abrt_inner.o(.text) refers to defsig_general.o(.text) for __default_signal_display
    defsig_fpe_inner.o(.text) refers to defsig_general.o(.text) for __default_signal_display
    defsig_rtred_inner.o(.text) refers to defsig_general.o(.text) for __default_signal_display
    defsig_stak_inner.o(.text) refers to defsig_general.o(.text) for __default_signal_display
    defsig_pvfn_inner.o(.text) refers to defsig_general.o(.text) for __default_signal_display
    defsig_cppl_inner.o(.text) refers to defsig_general.o(.text) for __default_signal_display
    defsig_segv_inner.o(.text) refers to defsig_general.o(.text) for __default_signal_display
    defsig_other.o(.text) refers to defsig_general.o(.text) for __default_signal_display


==============================================================================

Removing Unused input sections from the image.

    Removing adc.o(.text), (500 bytes).
    Removing adc.o(.bss), (60 bytes).
    Removing display.o(.text), (64 bytes).
    Removing stm32f10x_adc.o(.text), (1102 bytes).
    Removing stm32f10x_dma.o(.text), (596 bytes).
    Removing stm32f10x_exti.o(.text), (284 bytes).
    Removing stm32f10x_iwdg.o(.text), (64 bytes).
    Removing stm32f10x_usart.o(.text), (1032 bytes).
    Removing core_cm3.o(.emb_text), (32 bytes).

9 unused section(s) (total 3734 bytes) removed from the image.

==============================================================================

Image Symbol Table

    Local Symbols

    Symbol Name                              Value     Ov Type        Size  Object(Section)

    ../clib/angel/boardlib.s                 0x00000000   Number         0  boardinit2.o ABSOLUTE
    ../clib/angel/boardlib.s                 0x00000000   Number         0  boardshut.o ABSOLUTE
    ../clib/angel/boardlib.s                 0x00000000   Number         0  boardinit1.o ABSOLUTE
    ../clib/angel/boardlib.s                 0x00000000   Number         0  boardinit3.o ABSOLUTE
    ../clib/angel/handlers.s                 0x00000000   Number         0  __scatter_zi.o ABSOLUTE
    ../clib/angel/handlers.s                 0x00000000   Number         0  __scatter_copy.o ABSOLUTE
    ../clib/angel/kernel.s                   0x00000000   Number         0  rtexit.o ABSOLUTE
    ../clib/angel/kernel.s                   0x00000000   Number         0  rtexit2.o ABSOLUTE
    ../clib/angel/kernel.s                   0x00000000   Number         0  rtentry.o ABSOLUTE
    ../clib/angel/kernel.s                   0x00000000   Number         0  rtentry4.o ABSOLUTE
    ../clib/angel/kernel.s                   0x00000000   Number         0  rtentry2.o ABSOLUTE
    ../clib/angel/rt.s                       0x00000000   Number         0  rt_raise.o ABSOLUTE
    ../clib/angel/rt.s                       0x00000000   Number         0  rt_errno_addr_intlibspace.o ABSOLUTE
    ../clib/angel/rt.s                       0x00000000   Number         0  rt_errno_addr.o ABSOLUTE
    ../clib/angel/scatter.s                  0x00000000   Number         0  __scatter.o ABSOLUTE
    ../clib/angel/startup.s                  0x00000000   Number         0  __main.o ABSOLUTE
    ../clib/angel/sys.s                      0x00000000   Number         0  libspace.o ABSOLUTE
    ../clib/angel/sys.s                      0x00000000   Number         0  sys_stackheap_outer.o ABSOLUTE
    ../clib/angel/sys.s                      0x00000000   Number         0  use_no_semi.o ABSOLUTE
    ../clib/angel/sys.s                      0x00000000   Number         0  indicate_semi.o ABSOLUTE
    ../clib/angel/sysapp.c                   0x00000000   Number         0  sys_wrch.o ABSOLUTE
    ../clib/angel/sysapp.c                   0x00000000   Number         0  sys_exit.o ABSOLUTE
    ../clib/angel/sysapp.c                   0x00000000   Number         0  sys_command.o ABSOLUTE
    ../clib/armsys.c                         0x00000000   Number         0  argv_veneer.o ABSOLUTE
    ../clib/armsys.c                         0x00000000   Number         0  _get_argv_nomalloc.o ABSOLUTE
    ../clib/armsys.c                         0x00000000   Number         0  no_argv.o ABSOLUTE
    ../clib/armsys.c                         0x00000000   Number         0  argv_veneer.o ABSOLUTE
    ../clib/fenv.c                           0x00000000   Number         0  _rserrno.o ABSOLUTE
    ../clib/heapalloc.c                      0x00000000   Number         0  hrguard.o ABSOLUTE
    ../clib/heapaux.c                        0x00000000   Number         0  heapauxi.o ABSOLUTE
    ../clib/libinit.s                        0x00000000   Number         0  libinit.o ABSOLUTE
    ../clib/libinit.s                        0x00000000   Number         0  libshutdown2.o ABSOLUTE
    ../clib/libinit.s                        0x00000000   Number         0  libshutdown.o ABSOLUTE
    ../clib/libinit.s                        0x00000000   Number         0  libinit2.o ABSOLUTE
    ../clib/signal.c                         0x00000000   Number         0  defsig_rtmem_formal.o ABSOLUTE
    ../clib/signal.c                         0x00000000   Number         0  defsig_general.o ABSOLUTE
    ../clib/signal.c                         0x00000000   Number         0  defsig_other.o ABSOLUTE
    ../clib/signal.c                         0x00000000   Number         0  defsig_rtmem_inner.o ABSOLUTE
    ../clib/signal.c                         0x00000000   Number         0  defsig_segv_inner.o ABSOLUTE
    ../clib/signal.c                         0x00000000   Number         0  defsig_exit.o ABSOLUTE
    ../clib/signal.c                         0x00000000   Number         0  defsig_cppl_inner.o ABSOLUTE
    ../clib/signal.c                         0x00000000   Number         0  defsig_fpe_inner.o ABSOLUTE
    ../clib/signal.c                         0x00000000   Number         0  defsig_pvfn_inner.o ABSOLUTE
    ../clib/signal.c                         0x00000000   Number         0  __raise.o ABSOLUTE
    ../clib/signal.c                         0x00000000   Number         0  defsig_stak_inner.o ABSOLUTE
    ../clib/signal.c                         0x00000000   Number         0  defsig_rtred_inner.o ABSOLUTE
    ../clib/signal.c                         0x00000000   Number         0  defsig_abrt_inner.o ABSOLUTE
    ../clib/signal.c                         0x00000000   Number         0  defsig_rtmem_outer.o ABSOLUTE
    ../clib/signal.s                         0x00000000   Number         0  defsig.o ABSOLUTE
    ../clib/stdlib.c                         0x00000000   Number         0  exit.o ABSOLUTE
    ../fplib/daddsub.s                       0x00000000   Number         0  daddsub_clz.o ABSOLUTE
    ../fplib/dcheck1.s                       0x00000000   Number         0  dcheck1.o ABSOLUTE
    ../fplib/dcmpi.s                         0x00000000   Number         0  dcmpi.o ABSOLUTE
    ../fplib/ddiv.s                          0x00000000   Number         0  ddiv.o ABSOLUTE
    ../fplib/dfix.s                          0x00000000   Number         0  dfix.o ABSOLUTE
    ../fplib/dfixu.s                         0x00000000   Number         0  dfixu.o ABSOLUTE
    ../fplib/dflt.s                          0x00000000   Number         0  dflt_clz.o ABSOLUTE
    ../fplib/dleqf.s                         0x00000000   Number         0  dleqf.o ABSOLUTE
    ../fplib/dmul.s                          0x00000000   Number         0  dmul.o ABSOLUTE
    ../fplib/dnaninf.s                       0x00000000   Number         0  dnaninf.o ABSOLUTE
    ../fplib/dretinf.s                       0x00000000   Number         0  dretinf.o ABSOLUTE
    ../fplib/drleqf.s                        0x00000000   Number         0  drleqf.o ABSOLUTE
    ../fplib/fcmpi.s                         0x00000000   Number         0  fcmpi.o ABSOLUTE
    ../fplib/ffix.s                          0x00000000   Number         0  ffix.o ABSOLUTE
    ../fplib/ffixu.s                         0x00000000   Number         0  ffixu.o ABSOLUTE
    ../fplib/fleqf.s                         0x00000000   Number         0  fleqf.o ABSOLUTE
    ../fplib/fmul.s                          0x00000000   Number         0  fmul.o ABSOLUTE
    ../fplib/fnaninf.s                       0x00000000   Number         0  fnaninf.o ABSOLUTE
    ../fplib/fpinit.s                        0x00000000   Number         0  fpinit.o ABSOLUTE
    ../fplib/fretinf.s                       0x00000000   Number         0  fretinf.o ABSOLUTE
    ../fplib/retnan.s                        0x00000000   Number         0  retnan.o ABSOLUTE
    ../fplib/scalbn.s                        0x00000000   Number         0  scalbn.o ABSOLUTE
    ../fplib/trapv.s                         0x00000000   Number         0  trapv.o ABSOLUTE
    ../fplib/usenofp.s                       0x00000000   Number         0  usenofp.o ABSOLUTE
    ../mathlib/cos.c                         0x00000000   Number         0  cos_x.o ABSOLUTE
    ../mathlib/cos.c                         0x00000000   Number         0  cos.o ABSOLUTE
    ../mathlib/cos_i.c                       0x00000000   Number         0  cos_i.o ABSOLUTE
    ../mathlib/dunder.c                      0x00000000   Number         0  dunder.o ABSOLUTE
    ../mathlib/fpclassify.c                  0x00000000   Number         0  fpclassify.o ABSOLUTE
    ../mathlib/poly.c                        0x00000000   Number         0  poly.o ABSOLUTE
    ../mathlib/rred.c                        0x00000000   Number         0  rred.o ABSOLUTE
    ../mathlib/sin_i.c                       0x00000000   Number         0  sin_i_x.o ABSOLUTE
    ../mathlib/sin_i.c                       0x00000000   Number         0  sin_i.o ABSOLUTE
    ..\CMSIS\core_cm3.c                      0x00000000   Number         0  core_cm3.o ABSOLUTE
    ..\CMSIS\startup\startup_stm32f10x_hd.s  0x00000000   Number         0  startup_stm32f10x_hd.o ABSOLUTE
    ..\CMSIS\system_stm32f10x.c              0x00000000   Number         0  system_stm32f10x.o ABSOLUTE
    ..\FWlib\src\misc.c                      0x00000000   Number         0  misc.o ABSOLUTE
    ..\FWlib\src\stm32f10x_adc.c             0x00000000   Number         0  stm32f10x_adc.o ABSOLUTE
    ..\FWlib\src\stm32f10x_dma.c             0x00000000   Number         0  stm32f10x_dma.o ABSOLUTE
    ..\FWlib\src\stm32f10x_exti.c            0x00000000   Number         0  stm32f10x_exti.o ABSOLUTE
    ..\FWlib\src\stm32f10x_gpio.c            0x00000000   Number         0  stm32f10x_gpio.o ABSOLUTE
    ..\FWlib\src\stm32f10x_iwdg.c            0x00000000   Number         0  stm32f10x_iwdg.o ABSOLUTE
    ..\FWlib\src\stm32f10x_rcc.c             0x00000000   Number         0  stm32f10x_rcc.o ABSOLUTE
    ..\FWlib\src\stm32f10x_tim.c             0x00000000   Number         0  stm32f10x_tim.o ABSOLUTE
    ..\FWlib\src\stm32f10x_usart.c           0x00000000   Number         0  stm32f10x_usart.o ABSOLUTE
    ..\\CMSIS\\core_cm3.c                    0x00000000   Number         0  core_cm3.o ABSOLUTE
    Display.c                                0x00000000   Number         0  display.o ABSOLUTE
    SPWM.c                                   0x00000000   Number         0  spwm.o ABSOLUTE
    SysTick.c                                0x00000000   Number         0  systick.o ABSOLUTE
    Timer.c                                  0x00000000   Number         0  timer.o ABSOLUTE
    adc.c                                    0x00000000   Number         0  adc.o ABSOLUTE
    dc.s                                     0x00000000   Number         0  dc.o ABSOLUTE
    exti.c                                   0x00000000   Number         0  exti.o ABSOLUTE
    key.c                                    0x00000000   Number         0  key.o ABSOLUTE
    led.c                                    0x00000000   Number         0  led.o ABSOLUTE
    main.c                                   0x00000000   Number         0  main.o ABSOLUTE
    st7920.c                                 0x00000000   Number         0  st7920.o ABSOLUTE
    stm32f10x_it.c                           0x00000000   Number         0  stm32f10x_it.o ABSOLUTE
    RESET                                    0x08000000   Section      304  startup_stm32f10x_hd.o(RESET)
    !!!main                                  0x08000130   Section        8  __main.o(!!!main)
    !!!scatter                               0x08000138   Section       52  __scatter.o(!!!scatter)
    !!handler_copy                           0x0800016c   Section       26  __scatter_copy.o(!!handler_copy)
    !!handler_zi                             0x08000188   Section       28  __scatter_zi.o(!!handler_zi)
    .ARM.Collect$$libinit$$00000000          0x080001a4   Section        2  libinit.o(.ARM.Collect$$libinit$$00000000)
    .ARM.Collect$$libinit$$00000002          0x080001a6   Section        0  libinit2.o(.ARM.Collect$$libinit$$00000002)
    .ARM.Collect$$libinit$$00000008          0x080001a6   Section        0  libinit2.o(.ARM.Collect$$libinit$$00000008)
    .ARM.Collect$$libinit$$0000000A          0x080001a6   Section        0  libinit2.o(.ARM.Collect$$libinit$$0000000A)
    .ARM.Collect$$libinit$$0000000C          0x080001a6   Section        0  libinit2.o(.ARM.Collect$$libinit$$0000000C)
    .ARM.Collect$$libinit$$0000000F          0x080001a6   Section        0  libinit2.o(.ARM.Collect$$libinit$$0000000F)
    .ARM.Collect$$libinit$$00000011          0x080001a6   Section        0  libinit2.o(.ARM.Collect$$libinit$$00000011)
    .ARM.Collect$$libinit$$00000013          0x080001a6   Section        0  libinit2.o(.ARM.Collect$$libinit$$00000013)
    .ARM.Collect$$libinit$$00000015          0x080001a6   Section        0  libinit2.o(.ARM.Collect$$libinit$$00000015)
    .ARM.Collect$$libinit$$00000017          0x080001a6   Section        0  libinit2.o(.ARM.Collect$$libinit$$00000017)
    .ARM.Collect$$libinit$$00000019          0x080001a6   Section        0  libinit2.o(.ARM.Collect$$libinit$$00000019)
    .ARM.Collect$$libinit$$0000001B          0x080001a6   Section        0  libinit2.o(.ARM.Collect$$libinit$$0000001B)
    .ARM.Collect$$libinit$$0000001D          0x080001a6   Section        0  libinit2.o(.ARM.Collect$$libinit$$0000001D)
    .ARM.Collect$$libinit$$0000001F          0x080001a6   Section        0  libinit2.o(.ARM.Collect$$libinit$$0000001F)
    .ARM.Collect$$libinit$$00000021          0x080001a6   Section        0  libinit2.o(.ARM.Collect$$libinit$$00000021)
    .ARM.Collect$$libinit$$00000023          0x080001a6   Section        0  libinit2.o(.ARM.Collect$$libinit$$00000023)
    .ARM.Collect$$libinit$$0000002A          0x080001a6   Section        0  libinit2.o(.ARM.Collect$$libinit$$0000002A)
    .ARM.Collect$$libinit$$0000002C          0x080001a6   Section        0  libinit2.o(.ARM.Collect$$libinit$$0000002C)
    .ARM.Collect$$libinit$$0000002E          0x080001a6   Section        0  libinit2.o(.ARM.Collect$$libinit$$0000002E)
    .ARM.Collect$$libinit$$00000030          0x080001a6   Section        0  libinit2.o(.ARM.Collect$$libinit$$00000030)
    .ARM.Collect$$libinit$$00000031          0x080001a6   Section        2  libinit2.o(.ARM.Collect$$libinit$$00000031)
    .ARM.Collect$$libshutdown$$00000000      0x080001a8   Section        2  libshutdown.o(.ARM.Collect$$libshutdown$$00000000)
    .ARM.Collect$$libshutdown$$00000003      0x080001aa   Section        0  libshutdown2.o(.ARM.Collect$$libshutdown$$00000003)
    .ARM.Collect$$libshutdown$$00000006      0x080001aa   Section        0  libshutdown2.o(.ARM.Collect$$libshutdown$$00000006)
    .ARM.Collect$$libshutdown$$00000009      0x080001aa   Section        0  libshutdown2.o(.ARM.Collect$$libshutdown$$00000009)
    .ARM.Collect$$libshutdown$$0000000B      0x080001aa   Section        0  libshutdown2.o(.ARM.Collect$$libshutdown$$0000000B)
    .ARM.Collect$$libshutdown$$0000000E      0x080001aa   Section        0  libshutdown2.o(.ARM.Collect$$libshutdown$$0000000E)
    .ARM.Collect$$libshutdown$$0000000F      0x080001aa   Section        2  libshutdown2.o(.ARM.Collect$$libshutdown$$0000000F)
    .ARM.Collect$$rtentry$$00000000          0x080001ac   Section        0  rtentry.o(.ARM.Collect$$rtentry$$00000000)
    .ARM.Collect$$rtentry$$00000002          0x080001ac   Section        0  rtentry2.o(.ARM.Collect$$rtentry$$00000002)
    .ARM.Collect$$rtentry$$00000004          0x080001ac   Section        6  rtentry4.o(.ARM.Collect$$rtentry$$00000004)
    .ARM.Collect$$rtentry$$00000009          0x080001b2   Section        0  rtentry2.o(.ARM.Collect$$rtentry$$00000009)
    .ARM.Collect$$rtentry$$0000000A          0x080001b2   Section        4  rtentry2.o(.ARM.Collect$$rtentry$$0000000A)
    .ARM.Collect$$rtentry$$0000000C          0x080001b6   Section        0  rtentry2.o(.ARM.Collect$$rtentry$$0000000C)
    .ARM.Collect$$rtentry$$0000000D          0x080001b6   Section        8  rtentry2.o(.ARM.Collect$$rtentry$$0000000D)
    .ARM.Collect$$rtexit$$00000000           0x080001be   Section        2  rtexit.o(.ARM.Collect$$rtexit$$00000000)
    .ARM.Collect$$rtexit$$00000002           0x080001c0   Section        0  rtexit2.o(.ARM.Collect$$rtexit$$00000002)
    .ARM.Collect$$rtexit$$00000003           0x080001c0   Section        4  rtexit2.o(.ARM.Collect$$rtexit$$00000003)
    .ARM.Collect$$rtexit$$00000004           0x080001c4   Section        6  rtexit2.o(.ARM.Collect$$rtexit$$00000004)
    .text                                    0x080001cc   Section       64  startup_stm32f10x_hd.o(.text)
    .text                                    0x0800020c   Section        0  main.o(.text)
    .text                                    0x080005a8   Section        0  exti.o(.text)
    .text                                    0x08000610   Section        0  stm32f10x_it.o(.text)
    .text                                    0x080007a8   Section        0  systick.o(.text)
    .text                                    0x0800085c   Section        0  led.o(.text)
    .text                                    0x08000890   Section        0  timer.o(.text)
    .text                                    0x08000a50   Section        0  st7920.o(.text)
    .text                                    0x08001780   Section        0  key.o(.text)
    .text                                    0x0800187c   Section        0  spwm.o(.text)
    .text                                    0x08001bc0   Section        0  misc.o(.text)
    .text                                    0x08001c9c   Section        0  stm32f10x_gpio.o(.text)
    .text                                    0x08001ff8   Section        0  stm32f10x_rcc.o(.text)
    .text                                    0x0800239c   Section        0  stm32f10x_tim.o(.text)
    TI4_Config                               0x08002843   Thumb Code   130  stm32f10x_tim.o(.text)
    TI3_Config                               0x080028d7   Thumb Code   122  stm32f10x_tim.o(.text)
    TI2_Config                               0x0800296b   Thumb Code   130  stm32f10x_tim.o(.text)
    TI1_Config                               0x080029ff   Thumb Code   108  stm32f10x_tim.o(.text)
    .text                                    0x080031b8   Section        0  system_stm32f10x.o(.text)
    SetSysClockTo72                          0x080031b9   Thumb Code   214  system_stm32f10x.o(.text)
    SetSysClock                              0x0800328f   Thumb Code     8  system_stm32f10x.o(.text)
    .text                                    0x08003398   Section        0  heapauxi.o(.text)
    .text                                    0x0800339e   Section        0  _rserrno.o(.text)
    .text                                    0x080033b4   Section        8  rt_errno_addr_intlibspace.o(.text)
    .text                                    0x080033bc   Section        8  libspace.o(.text)
    .text                                    0x080033c4   Section       74  sys_stackheap_outer.o(.text)
    .text                                    0x0800340e   Section        0  exit.o(.text)
    .text                                    0x0800341c   Section        0  sys_exit.o(.text)
    .text                                    0x08003428   Section        2  use_no_semi.o(.text)
    .text                                    0x0800342a   Section        0  indicate_semi.o(.text)
    i.__ARM_fpclassify                       0x0800342a   Section        0  fpclassify.o(i.__ARM_fpclassify)
    i.__ieee754_rem_pio2                     0x08003454   Section        0  rred.o(i.__ieee754_rem_pio2)
    i.__kernel_cos                           0x080037dc   Section        0  cos_i.o(i.__kernel_cos)
    i.__kernel_poly                          0x080038d8   Section        0  poly.o(i.__kernel_poly)
    i.__kernel_sin                           0x08003984   Section        0  sin_i.o(i.__kernel_sin)
    i.__mathlib_dbl_underflow                0x08003a70   Section        0  dunder.o(i.__mathlib_dbl_underflow)
    i.cos                                    0x08003a80   Section        0  cos.o(i.cos)
    x$fpl$dadd                               0x08003b2c   Section      336  daddsub_clz.o(x$fpl$dadd)
    _dadd1                                   0x08003b3d   Thumb Code     0  daddsub_clz.o(x$fpl$dadd)
    x$fpl$dcheck1                            0x08003c7c   Section       16  dcheck1.o(x$fpl$dcheck1)
    x$fpl$dcmpinf                            0x08003c8c   Section       24  dcmpi.o(x$fpl$dcmpinf)
    x$fpl$ddiv                               0x08003ca4   Section      688  ddiv.o(x$fpl$ddiv)
    ddiv_entry                               0x08003cab   Thumb Code     0  ddiv.o(x$fpl$ddiv)
    x$fpl$dfix                               0x08003f54   Section       94  dfix.o(x$fpl$dfix)
    x$fpl$dfixu                              0x08003fb4   Section       90  dfixu.o(x$fpl$dfixu)
    x$fpl$dflt                               0x0800400e   Section       46  dflt_clz.o(x$fpl$dflt)
    x$fpl$dfltu                              0x0800403c   Section       38  dflt_clz.o(x$fpl$dfltu)
    x$fpl$dleqf                              0x08004064   Section      120  dleqf.o(x$fpl$dleqf)
    x$fpl$dmul                               0x080040dc   Section      340  dmul.o(x$fpl$dmul)
    x$fpl$dnaninf                            0x08004230   Section      156  dnaninf.o(x$fpl$dnaninf)
    x$fpl$dretinf                            0x080042cc   Section       12  dretinf.o(x$fpl$dretinf)
    x$fpl$drleqf                             0x080042d8   Section      108  drleqf.o(x$fpl$drleqf)
    x$fpl$drsb                               0x08004344   Section       22  daddsub_clz.o(x$fpl$drsb)
    x$fpl$dsub                               0x0800435c   Section      468  daddsub_clz.o(x$fpl$dsub)
    _dsub1                                   0x0800436d   Thumb Code     0  daddsub_clz.o(x$fpl$dsub)
    x$fpl$fcmpinf                            0x08004530   Section       24  fcmpi.o(x$fpl$fcmpinf)
    x$fpl$ffix                               0x08004548   Section       54  ffix.o(x$fpl$ffix)
    x$fpl$ffixu                              0x08004580   Section       62  ffixu.o(x$fpl$ffixu)
    x$fpl$fleqf                              0x080045c0   Section      104  fleqf.o(x$fpl$fleqf)
    x$fpl$fmul                               0x08004628   Section      258  fmul.o(x$fpl$fmul)
    x$fpl$fnaninf                            0x0800472a   Section      140  fnaninf.o(x$fpl$fnaninf)
    x$fpl$fretinf                            0x080047b6   Section       10  fretinf.o(x$fpl$fretinf)
    x$fpl$retnan                             0x080047c0   Section      100  retnan.o(x$fpl$retnan)
    x$fpl$scalbn                             0x08004824   Section       92  scalbn.o(x$fpl$scalbn)
    x$fpl$trapveneer                         0x08004880   Section       48  trapv.o(x$fpl$trapveneer)
    .constdata                               0x080048b0   Section     2520  main.o(.constdata)
    x$fpl$usenofp                            0x080048b0   Section        0  usenofp.o(x$fpl$usenofp)
    .constdata                               0x08005288   Section       32  st7920.o(.constdata)
    .constdata                               0x080052a8   Section       48  cos_i.o(.constdata)
    C                                        0x080052a8   Data          48  cos_i.o(.constdata)
    .constdata                               0x080052d8   Section      200  rred.o(.constdata)
    pio2s                                    0x080052d8   Data          48  rred.o(.constdata)
    twooverpi                                0x08005308   Data         152  rred.o(.constdata)
    .constdata                               0x080053a0   Section       40  sin_i.o(.constdata)
    S                                        0x080053a0   Data          40  sin_i.o(.constdata)
    .data                                    0x20000000   Section       16  main.o(.data)
    .data                                    0x20000010   Section       10  stm32f10x_it.o(.data)
    time3_count                              0x20000010   Data           4  stm32f10x_it.o(.data)
    a                                        0x20000014   Data           2  stm32f10x_it.o(.data)
    b                                        0x20000016   Data           2  stm32f10x_it.o(.data)
    c                                        0x20000018   Data           2  stm32f10x_it.o(.data)
    .data                                    0x2000001c   Section        4  systick.o(.data)
    TimingDelay                              0x2000001c   Data           4  systick.o(.data)
    .data                                    0x20000020   Section        4  key.o(.data)
    .data                                    0x20000024   Section       14  spwm.o(.data)
    tim1_arr_new                             0x2000002e   Data           2  spwm.o(.data)
    tim1_arr_old                             0x20000030   Data           2  spwm.o(.data)
    .data                                    0x20000032   Section       20  stm32f10x_rcc.o(.data)
    APBAHBPrescTable                         0x20000032   Data          16  stm32f10x_rcc.o(.data)
    ADCPrescTable                            0x20000042   Data           4  stm32f10x_rcc.o(.data)
    .data                                    0x20000048   Section       20  system_stm32f10x.o(.data)
    .bss                                     0x2000005c   Section       28  main.o(.bss)
    .bss                                     0x20000078   Section     1200  spwm.o(.bss)
    .bss                                     0x20000528   Section       96  libspace.o(.bss)
    HEAP                                     0x20000588   Section      512  startup_stm32f10x_hd.o(HEAP)
    Heap_Mem                                 0x20000588   Data         512  startup_stm32f10x_hd.o(HEAP)
    STACK                                    0x20000788   Section     1024  startup_stm32f10x_hd.o(STACK)
    Stack_Mem                                0x20000788   Data        1024  startup_stm32f10x_hd.o(STACK)
    __initial_sp                             0x20000b88   Data           0  startup_stm32f10x_hd.o(STACK)

    Global Symbols

    Symbol Name                              Value     Ov Type        Size  Object(Section)

    BuildAttributes$$THM_ISAv4$P$D$K$B$S$PE$A:L22UL41UL21$X:L11$S22US41US21$IEEE1$IW$USESV6$~STKCKD$USESV7$~SHL$OTIME$ROPI$IEEEX$EBA8$UX$STANDARDLIB$REQ8$PRES8$EABIv2 0x00000000   Number         0  anon$$obj.o ABSOLUTE
    __ARM_use_no_argv                        0x00000000   Number         0  main.o ABSOLUTE
    __ARM_exceptions_init                     - Undefined Weak Reference
    __alloca_initialize                       - Undefined Weak Reference
    __cpp_initialize__aeabi_                  - Undefined Weak Reference
    __cxa_finalize                            - Undefined Weak Reference
    __rt_locale                               - Undefined Weak Reference
    __sigvec_lookup                           - Undefined Weak Reference
    _atexit_init                              - Undefined Weak Reference
    _call_atexit_fns                          - Undefined Weak Reference
    _clock_init                               - Undefined Weak Reference
    _fp_trap_init                             - Undefined Weak Reference
    _fp_trap_shutdown                         - Undefined Weak Reference
    _get_lc_collate                           - Undefined Weak Reference
    _get_lc_ctype                             - Undefined Weak Reference
    _get_lc_monetary                          - Undefined Weak Reference
    _get_lc_numeric                           - Undefined Weak Reference
    _get_lc_time                              - Undefined Weak Reference
    _getenv_init                              - Undefined Weak Reference
    _handle_redirection                       - Undefined Weak Reference
    _init_alloc                               - Undefined Weak Reference
    _init_user_alloc                          - Undefined Weak Reference
    _initio                                   - Undefined Weak Reference
    _rand_init                                - Undefined Weak Reference
    _signal_finish                            - Undefined Weak Reference
    _signal_init                              - Undefined Weak Reference
    _terminate_alloc                          - Undefined Weak Reference
    _terminate_user_alloc                     - Undefined Weak Reference
    _terminateio                              - Undefined Weak Reference
    __Vectors_Size                           0x00000130   Number         0  startup_stm32f10x_hd.o ABSOLUTE
    __Vectors                                0x08000000   Data           4  startup_stm32f10x_hd.o(RESET)
    __Vectors_End                            0x08000130   Data           0  startup_stm32f10x_hd.o(RESET)
    __main                                   0x08000131   Thumb Code     8  __main.o(!!!main)
    __scatterload                            0x08000139   Thumb Code     0  __scatter.o(!!!scatter)
    __scatterload_rt2                        0x08000139   Thumb Code    44  __scatter.o(!!!scatter)
    __scatterload_rt2_thumb_only             0x08000139   Thumb Code     0  __scatter.o(!!!scatter)
    __scatterload_null                       0x08000147   Thumb Code     0  __scatter.o(!!!scatter)
    __scatterload_copy                       0x0800016d   Thumb Code    26  __scatter_copy.o(!!handler_copy)
    __scatterload_zeroinit                   0x08000189   Thumb Code    28  __scatter_zi.o(!!handler_zi)
    __rt_lib_init                            0x080001a5   Thumb Code     0  libinit.o(.ARM.Collect$$libinit$$00000000)
    __rt_lib_init_alloca_1                   0x080001a7   Thumb Code     0  libinit2.o(.ARM.Collect$$libinit$$0000002C)
    __rt_lib_init_argv_1                     0x080001a7   Thumb Code     0  libinit2.o(.ARM.Collect$$libinit$$0000002A)
    __rt_lib_init_atexit_1                   0x080001a7   Thumb Code     0  libinit2.o(.ARM.Collect$$libinit$$00000019)
    __rt_lib_init_clock_1                    0x080001a7   Thumb Code     0  libinit2.o(.ARM.Collect$$libinit$$0000001F)
    __rt_lib_init_cpp_1                      0x080001a7   Thumb Code     0  libinit2.o(.ARM.Collect$$libinit$$00000030)
    __rt_lib_init_exceptions_1               0x080001a7   Thumb Code     0  libinit2.o(.ARM.Collect$$libinit$$0000002E)
    __rt_lib_init_fp_1                       0x080001a7   Thumb Code     0  libinit2.o(.ARM.Collect$$libinit$$00000002)
    __rt_lib_init_fp_trap_1                  0x080001a7   Thumb Code     0  libinit2.o(.ARM.Collect$$libinit$$0000001D)
    __rt_lib_init_getenv_1                   0x080001a7   Thumb Code     0  libinit2.o(.ARM.Collect$$libinit$$00000021)
    __rt_lib_init_heap_1                     0x080001a7   Thumb Code     0  libinit2.o(.ARM.Collect$$libinit$$00000008)
    __rt_lib_init_lc_collate_1               0x080001a7   Thumb Code     0  libinit2.o(.ARM.Collect$$libinit$$0000000F)
    __rt_lib_init_lc_ctype_1                 0x080001a7   Thumb Code     0  libinit2.o(.ARM.Collect$$libinit$$00000011)
    __rt_lib_init_lc_monetary_1              0x080001a7   Thumb Code     0  libinit2.o(.ARM.Collect$$libinit$$00000013)
    __rt_lib_init_lc_numeric_1               0x080001a7   Thumb Code     0  libinit2.o(.ARM.Collect$$libinit$$00000015)
    __rt_lib_init_lc_time_1                  0x080001a7   Thumb Code     0  libinit2.o(.ARM.Collect$$libinit$$00000017)
    __rt_lib_init_rand_1                     0x080001a7   Thumb Code     0  libinit2.o(.ARM.Collect$$libinit$$0000000C)
    __rt_lib_init_return                     0x080001a7   Thumb Code     0  libinit2.o(.ARM.Collect$$libinit$$00000031)
    __rt_lib_init_signal_1                   0x080001a7   Thumb Code     0  libinit2.o(.ARM.Collect$$libinit$$0000001B)
    __rt_lib_init_stdio_1                    0x080001a7   Thumb Code     0  libinit2.o(.ARM.Collect$$libinit$$00000023)
    __rt_lib_init_user_alloc_1               0x080001a7   Thumb Code     0  libinit2.o(.ARM.Collect$$libinit$$0000000A)
    __rt_lib_shutdown                        0x080001a9   Thumb Code     0  libshutdown.o(.ARM.Collect$$libshutdown$$00000000)
    __rt_lib_shutdown_fp_trap_1              0x080001ab   Thumb Code     0  libshutdown2.o(.ARM.Collect$$libshutdown$$00000006)
    __rt_lib_shutdown_heap_1                 0x080001ab   Thumb Code     0  libshutdown2.o(.ARM.Collect$$libshutdown$$0000000E)
    __rt_lib_shutdown_return                 0x080001ab   Thumb Code     0  libshutdown2.o(.ARM.Collect$$libshutdown$$0000000F)
    __rt_lib_shutdown_signal_1               0x080001ab   Thumb Code     0  libshutdown2.o(.ARM.Collect$$libshutdown$$00000009)
    __rt_lib_shutdown_stdio_1                0x080001ab   Thumb Code     0  libshutdown2.o(.ARM.Collect$$libshutdown$$00000003)
    __rt_lib_shutdown_user_alloc_1           0x080001ab   Thumb Code     0  libshutdown2.o(.ARM.Collect$$libshutdown$$0000000B)
    __rt_entry                               0x080001ad   Thumb Code     0  rtentry.o(.ARM.Collect$$rtentry$$00000000)
    __rt_entry_presh_1                       0x080001ad   Thumb Code     0  rtentry2.o(.ARM.Collect$$rtentry$$00000002)
    __rt_entry_sh                            0x080001ad   Thumb Code     0  rtentry4.o(.ARM.Collect$$rtentry$$00000004)
    __rt_entry_li                            0x080001b3   Thumb Code     0  rtentry2.o(.ARM.Collect$$rtentry$$0000000A)
    __rt_entry_postsh_1                      0x080001b3   Thumb Code     0  rtentry2.o(.ARM.Collect$$rtentry$$00000009)
    __rt_entry_main                          0x080001b7   Thumb Code     0  rtentry2.o(.ARM.Collect$$rtentry$$0000000D)
    __rt_entry_postli_1                      0x080001b7   Thumb Code     0  rtentry2.o(.ARM.Collect$$rtentry$$0000000C)
    __rt_exit                                0x080001bf   Thumb Code     0  rtexit.o(.ARM.Collect$$rtexit$$00000000)
    __rt_exit_ls                             0x080001c1   Thumb Code     0  rtexit2.o(.ARM.Collect$$rtexit$$00000003)
    __rt_exit_prels_1                        0x080001c1   Thumb Code     0  rtexit2.o(.ARM.Collect$$rtexit$$00000002)
    __rt_exit_exit                           0x080001c5   Thumb Code     0  rtexit2.o(.ARM.Collect$$rtexit$$00000004)
    Reset_Handler                            0x080001cd   Thumb Code     8  startup_stm32f10x_hd.o(.text)
    ADC1_2_IRQHandler                        0x080001e7   Thumb Code     0  startup_stm32f10x_hd.o(.text)
    ADC3_IRQHandler                          0x080001e7   Thumb Code     0  startup_stm32f10x_hd.o(.text)
    CAN1_RX1_IRQHandler                      0x080001e7   Thumb Code     0  startup_stm32f10x_hd.o(.text)
    CAN1_SCE_IRQHandler                      0x080001e7   Thumb Code     0  startup_stm32f10x_hd.o(.text)
    DMA1_Channel1_IRQHandler                 0x080001e7   Thumb Code     0  startup_stm32f10x_hd.o(.text)
    DMA1_Channel2_IRQHandler                 0x080001e7   Thumb Code     0  startup_stm32f10x_hd.o(.text)
    DMA1_Channel3_IRQHandler                 0x080001e7   Thumb Code     0  startup_stm32f10x_hd.o(.text)
    DMA1_Channel4_IRQHandler                 0x080001e7   Thumb Code     0  startup_stm32f10x_hd.o(.text)
    DMA1_Channel5_IRQHandler                 0x080001e7   Thumb Code     0  startup_stm32f10x_hd.o(.text)
    DMA1_Channel6_IRQHandler                 0x080001e7   Thumb Code     0  startup_stm32f10x_hd.o(.text)
    DMA1_Channel7_IRQHandler                 0x080001e7   Thumb Code     0  startup_stm32f10x_hd.o(.text)
    DMA2_Channel1_IRQHandler                 0x080001e7   Thumb Code     0  startup_stm32f10x_hd.o(.text)
    DMA2_Channel2_IRQHandler                 0x080001e7   Thumb Code     0  startup_stm32f10x_hd.o(.text)
    DMA2_Channel3_IRQHandler                 0x080001e7   Thumb Code     0  startup_stm32f10x_hd.o(.text)
    DMA2_Channel4_5_IRQHandler               0x080001e7   Thumb Code     0  startup_stm32f10x_hd.o(.text)
    EXTI0_IRQHandler                         0x080001e7   Thumb Code     0  startup_stm32f10x_hd.o(.text)
    EXTI15_10_IRQHandler                     0x080001e7   Thumb Code     0  startup_stm32f10x_hd.o(.text)
    EXTI1_IRQHandler                         0x080001e7   Thumb Code     0  startup_stm32f10x_hd.o(.text)
    EXTI2_IRQHandler                         0x080001e7   Thumb Code     0  startup_stm32f10x_hd.o(.text)
    EXTI3_IRQHandler                         0x080001e7   Thumb Code     0  startup_stm32f10x_hd.o(.text)
    EXTI4_IRQHandler                         0x080001e7   Thumb Code     0  startup_stm32f10x_hd.o(.text)
    EXTI9_5_IRQHandler                       0x080001e7   Thumb Code     0  startup_stm32f10x_hd.o(.text)
    FLASH_IRQHandler                         0x080001e7   Thumb Code     0  startup_stm32f10x_hd.o(.text)
    FSMC_IRQHandler                          0x080001e7   Thumb Code     0  startup_stm32f10x_hd.o(.text)
    I2C1_ER_IRQHandler                       0x080001e7   Thumb Code     0  startup_stm32f10x_hd.o(.text)
    I2C1_EV_IRQHandler                       0x080001e7   Thumb Code     0  startup_stm32f10x_hd.o(.text)
    I2C2_ER_IRQHandler                       0x080001e7   Thumb Code     0  startup_stm32f10x_hd.o(.text)
    I2C2_EV_IRQHandler                       0x080001e7   Thumb Code     0  startup_stm32f10x_hd.o(.text)
    PVD_IRQHandler                           0x080001e7   Thumb Code     0  startup_stm32f10x_hd.o(.text)
    RCC_IRQHandler                           0x080001e7   Thumb Code     0  startup_stm32f10x_hd.o(.text)
    RTCAlarm_IRQHandler                      0x080001e7   Thumb Code     0  startup_stm32f10x_hd.o(.text)
    RTC_IRQHandler                           0x080001e7   Thumb Code     0  startup_stm32f10x_hd.o(.text)
    SDIO_IRQHandler                          0x080001e7   Thumb Code     0  startup_stm32f10x_hd.o(.text)
    SPI1_IRQHandler                          0x080001e7   Thumb Code     0  startup_stm32f10x_hd.o(.text)
    SPI2_IRQHandler                          0x080001e7   Thumb Code     0  startup_stm32f10x_hd.o(.text)
    SPI3_IRQHandler                          0x080001e7   Thumb Code     0  startup_stm32f10x_hd.o(.text)
    TAMPER_IRQHandler                        0x080001e7   Thumb Code     0  startup_stm32f10x_hd.o(.text)
    TIM1_BRK_IRQHandler                      0x080001e7   Thumb Code     0  startup_stm32f10x_hd.o(.text)
    TIM1_CC_IRQHandler                       0x080001e7   Thumb Code     0  startup_stm32f10x_hd.o(.text)
    TIM1_TRG_COM_IRQHandler                  0x080001e7   Thumb Code     0  startup_stm32f10x_hd.o(.text)
    TIM4_IRQHandler                          0x080001e7   Thumb Code     0  startup_stm32f10x_hd.o(.text)
    TIM5_IRQHandler                          0x080001e7   Thumb Code     0  startup_stm32f10x_hd.o(.text)
    TIM6_IRQHandler                          0x080001e7   Thumb Code     0  startup_stm32f10x_hd.o(.text)
    TIM7_IRQHandler                          0x080001e7   Thumb Code     0  startup_stm32f10x_hd.o(.text)
    TIM8_BRK_IRQHandler                      0x080001e7   Thumb Code     0  startup_stm32f10x_hd.o(.text)
    TIM8_CC_IRQHandler                       0x080001e7   Thumb Code     0  startup_stm32f10x_hd.o(.text)
    TIM8_TRG_COM_IRQHandler                  0x080001e7   Thumb Code     0  startup_stm32f10x_hd.o(.text)
    TIM8_UP_IRQHandler                       0x080001e7   Thumb Code     0  startup_stm32f10x_hd.o(.text)
    UART4_IRQHandler                         0x080001e7   Thumb Code     0  startup_stm32f10x_hd.o(.text)
    UART5_IRQHandler                         0x080001e7   Thumb Code     0  startup_stm32f10x_hd.o(.text)
    USART1_IRQHandler                        0x080001e7   Thumb Code     0  startup_stm32f10x_hd.o(.text)
    USART2_IRQHandler                        0x080001e7   Thumb Code     0  startup_stm32f10x_hd.o(.text)
    USART3_IRQHandler                        0x080001e7   Thumb Code     0  startup_stm32f10x_hd.o(.text)
    USBWakeUp_IRQHandler                     0x080001e7   Thumb Code     0  startup_stm32f10x_hd.o(.text)
    USB_HP_CAN1_TX_IRQHandler                0x080001e7   Thumb Code     0  startup_stm32f10x_hd.o(.text)
    USB_LP_CAN1_RX0_IRQHandler               0x080001e7   Thumb Code     0  startup_stm32f10x_hd.o(.text)
    WWDG_IRQHandler                          0x080001e7   Thumb Code     0  startup_stm32f10x_hd.o(.text)
    __user_initial_stackheap                 0x080001e9   Thumb Code     0  startup_stm32f10x_hd.o(.text)
    pwm_estimator                            0x0800020d   Thumb Code   182  main.o(.text)
    set_parameter                            0x080002c3   Thumb Code    26  main.o(.text)
    Key_Value_Deal                           0x080002dd   Thumb Code   248  main.o(.text)
    Delay_JDQ_Init                           0x080003d5   Thumb Code    50  main.o(.text)
    main                                     0x08000407   Thumb Code   276  main.o(.text)
    NVIC_Configuration                       0x080005a9   Thumb Code   102  exti.o(.text)
    NMI_Handler                              0x08000611   Thumb Code     2  stm32f10x_it.o(.text)
    HardFault_Handler                        0x08000613   Thumb Code     4  stm32f10x_it.o(.text)
    MemManage_Handler                        0x08000617   Thumb Code     4  stm32f10x_it.o(.text)
    BusFault_Handler                         0x0800061b   Thumb Code     4  stm32f10x_it.o(.text)
    UsageFault_Handler                       0x0800061f   Thumb Code     4  stm32f10x_it.o(.text)
    SVC_Handler                              0x08000623   Thumb Code     2  stm32f10x_it.o(.text)
    DebugMon_Handler                         0x08000625   Thumb Code     2  stm32f10x_it.o(.text)
    PendSV_Handler                           0x08000627   Thumb Code     2  stm32f10x_it.o(.text)
    SysTick_Handler                          0x08000629   Thumb Code     8  stm32f10x_it.o(.text)
    TIM1_UP_IRQHandler                       0x08000631   Thumb Code   212  stm32f10x_it.o(.text)
    TIM2_IRQHandler                          0x08000705   Thumb Code    22  stm32f10x_it.o(.text)
    TIM3_IRQHandler                          0x0800071b   Thumb Code    96  stm32f10x_it.o(.text)
    SysTick_Init                             0x080007a9   Thumb Code   108  systick.o(.text)
    Delay                                    0x08000815   Thumb Code    36  systick.o(.text)
    TimingDelay_Decrement                    0x08000839   Thumb Code    18  systick.o(.text)
    WorkLED_GPIO_Config                      0x0800085d   Thumb Code    46  led.o(.text)
    TIM_Config                               0x08000891   Thumb Code   334  timer.o(.text)
    TIM_GPIO_Config                          0x080009df   Thumb Code    60  timer.o(.text)
    TIM_RCC_Config                           0x08000a1b   Thumb Code    22  timer.o(.text)
    Timer_Init                               0x08000a31   Thumb Code    16  timer.o(.text)
    SID_OUT                                  0x08000a51   Thumb Code    30  st7920.o(.text)
    lcd_send_byte                            0x08000a6f   Thumb Code   104  st7920.o(.text)
    SID_IN                                   0x08000ad7   Thumb Code    24  st7920.o(.text)
    receive_byte                             0x08000aef   Thumb Code   142  st7920.o(.text)
    lcd_wr_cmd                               0x08000b7d   Thumb Code    36  st7920.o(.text)
    lcd_wr_dat                               0x08000ba1   Thumb Code    36  st7920.o(.text)
    lcd_ch_busy                              0x08000bc5   Thumb Code    24  st7920.o(.text)
    lcd_read                                 0x08000bdd   Thumb Code    24  st7920.o(.text)
    GUI_LCD_Init                             0x08000bf5   Thumb Code   110  st7920.o(.text)
    GUI_LCD_CLR                              0x08000c63   Thumb Code   144  st7920.o(.text)
    GUI_LCD_NEGA                             0x08000cf3   Thumb Code   274  st7920.o(.text)
    lcd_set_xy                               0x08000e05   Thumb Code    28  st7920.o(.text)
    lcd_set_xy_16                            0x08000e21   Thumb Code    28  st7920.o(.text)
    GUI_DISP_HZ                              0x08000e3d   Thumb Code    62  st7920.o(.text)
    GUI_DISP_ROM_HZ                          0x08000e7b   Thumb Code    42  st7920.o(.text)
    GUI_DISP_HZEX                            0x08000ea5   Thumb Code    44  st7920.o(.text)
    GUI_DISP_CHAR                            0x08000ed1   Thumb Code   150  st7920.o(.text)
    GUI_DISP_INT                             0x08000f67   Thumb Code   176  st7920.o(.text)
    GUI_DISP_FLOAT                           0x08001017   Thumb Code   298  st7920.o(.text)
    GUI_DISP_888_NUN                         0x08001141   Thumb Code   224  st7920.o(.text)
    GUI_DISP_8888_NUN                        0x08001221   Thumb Code   324  st7920.o(.text)
    GUI_DISP_888888_NUN                      0x08001365   Thumb Code    98  st7920.o(.text)
    GUI_DISP_88_NUN                          0x080013c7   Thumb Code   178  st7920.o(.text)
    GUI_DISP_88_NUN_NEW                      0x08001479   Thumb Code   122  st7920.o(.text)
    GUI_DISP_LONG                            0x080014f3   Thumb Code   344  st7920.o(.text)
    GUI_DISP_DEC                             0x0800164b   Thumb Code   260  st7920.o(.text)
    GUI_LCD_FAST_CLR                         0x0800174f   Thumb Code    46  st7920.o(.text)
    Key_GPIO_Config                          0x08001781   Thumb Code    54  key.o(.text)
    Key_Scan                                 0x080017b7   Thumb Code   110  key.o(.text)
    Key_Value_Get                            0x08001825   Thumb Code    76  key.o(.text)
    SPWM_Init                                0x0800187d   Thumb Code     2  spwm.o(.text)
    Caculate_Carrier_Rat                     0x0800187f   Thumb Code    38  spwm.o(.text)
    Caculate_Control_SPWM                    0x080018a5   Thumb Code   722  spwm.o(.text)
    NVIC_PriorityGroupConfig                 0x08001bc1   Thumb Code    10  misc.o(.text)
    NVIC_Init                                0x08001bcb   Thumb Code   100  misc.o(.text)
    NVIC_SetVectorTable                      0x08001c2f   Thumb Code    14  misc.o(.text)
    NVIC_SystemLPConfig                      0x08001c3d   Thumb Code    34  misc.o(.text)
    SysTick_CLKSourceConfig                  0x08001c5f   Thumb Code    40  misc.o(.text)
    GPIO_DeInit                              0x08001c9d   Thumb Code   172  stm32f10x_gpio.o(.text)
    GPIO_AFIODeInit                          0x08001d49   Thumb Code    20  stm32f10x_gpio.o(.text)
    GPIO_Init                                0x08001d5d   Thumb Code   278  stm32f10x_gpio.o(.text)
    GPIO_StructInit                          0x08001e73   Thumb Code    16  stm32f10x_gpio.o(.text)
    GPIO_ReadInputDataBit                    0x08001e83   Thumb Code    18  stm32f10x_gpio.o(.text)
    GPIO_ReadInputData                       0x08001e95   Thumb Code     8  stm32f10x_gpio.o(.text)
    GPIO_ReadOutputDataBit                   0x08001e9d   Thumb Code    18  stm32f10x_gpio.o(.text)
    GPIO_ReadOutputData                      0x08001eaf   Thumb Code     8  stm32f10x_gpio.o(.text)
    GPIO_SetBits                             0x08001eb7   Thumb Code     4  stm32f10x_gpio.o(.text)
    GPIO_ResetBits                           0x08001ebb   Thumb Code     4  stm32f10x_gpio.o(.text)
    GPIO_WriteBit                            0x08001ebf   Thumb Code    10  stm32f10x_gpio.o(.text)
    GPIO_Write                               0x08001ec9   Thumb Code     4  stm32f10x_gpio.o(.text)
    GPIO_PinLockConfig                       0x08001ecd   Thumb Code    18  stm32f10x_gpio.o(.text)
    GPIO_EventOutputConfig                   0x08001edf   Thumb Code    26  stm32f10x_gpio.o(.text)
    GPIO_EventOutputCmd                      0x08001ef9   Thumb Code     6  stm32f10x_gpio.o(.text)
    GPIO_PinRemapConfig                      0x08001eff   Thumb Code   138  stm32f10x_gpio.o(.text)
    GPIO_EXTILineConfig                      0x08001f89   Thumb Code    66  stm32f10x_gpio.o(.text)
    GPIO_ETH_MediaInterfaceConfig            0x08001fcb   Thumb Code     8  stm32f10x_gpio.o(.text)
    RCC_DeInit                               0x08001ff9   Thumb Code    64  stm32f10x_rcc.o(.text)
    RCC_HSEConfig                            0x08002039   Thumb Code    70  stm32f10x_rcc.o(.text)
    RCC_GetFlagStatus                        0x0800207f   Thumb Code    56  stm32f10x_rcc.o(.text)
    RCC_WaitForHSEStartUp                    0x080020b7   Thumb Code    56  stm32f10x_rcc.o(.text)
    RCC_AdjustHSICalibrationValue            0x080020ef   Thumb Code    20  stm32f10x_rcc.o(.text)
    RCC_HSICmd                               0x08002103   Thumb Code     6  stm32f10x_rcc.o(.text)
    RCC_PLLConfig                            0x08002109   Thumb Code    24  stm32f10x_rcc.o(.text)
    RCC_PLLCmd                               0x08002121   Thumb Code     6  stm32f10x_rcc.o(.text)
    RCC_SYSCLKConfig                         0x08002127   Thumb Code    18  stm32f10x_rcc.o(.text)
    RCC_GetSYSCLKSource                      0x08002139   Thumb Code    10  stm32f10x_rcc.o(.text)
    RCC_HCLKConfig                           0x08002143   Thumb Code    18  stm32f10x_rcc.o(.text)
    RCC_PCLK1Config                          0x08002155   Thumb Code    18  stm32f10x_rcc.o(.text)
    RCC_PCLK2Config                          0x08002167   Thumb Code    20  stm32f10x_rcc.o(.text)
    RCC_ITConfig                             0x0800217b   Thumb Code    26  stm32f10x_rcc.o(.text)
    RCC_USBCLKConfig                         0x08002195   Thumb Code     8  stm32f10x_rcc.o(.text)
    RCC_ADCCLKConfig                         0x0800219d   Thumb Code    18  stm32f10x_rcc.o(.text)
    RCC_LSEConfig                            0x080021af   Thumb Code    50  stm32f10x_rcc.o(.text)
    RCC_LSICmd                               0x080021e1   Thumb Code     6  stm32f10x_rcc.o(.text)
    RCC_RTCCLKConfig                         0x080021e7   Thumb Code    12  stm32f10x_rcc.o(.text)
    RCC_RTCCLKCmd                            0x080021f3   Thumb Code     8  stm32f10x_rcc.o(.text)
    RCC_GetClocksFreq                        0x080021fb   Thumb Code   192  stm32f10x_rcc.o(.text)
    RCC_AHBPeriphClockCmd                    0x080022bb   Thumb Code    26  stm32f10x_rcc.o(.text)
    RCC_APB2PeriphClockCmd                   0x080022d5   Thumb Code    26  stm32f10x_rcc.o(.text)
    RCC_APB1PeriphClockCmd                   0x080022ef   Thumb Code    26  stm32f10x_rcc.o(.text)
    RCC_APB2PeriphResetCmd                   0x08002309   Thumb Code    26  stm32f10x_rcc.o(.text)
    RCC_APB1PeriphResetCmd                   0x08002323   Thumb Code    26  stm32f10x_rcc.o(.text)
    RCC_BackupResetCmd                       0x0800233d   Thumb Code     8  stm32f10x_rcc.o(.text)
    RCC_ClockSecuritySystemCmd               0x08002345   Thumb Code     6  stm32f10x_rcc.o(.text)
    RCC_MCOConfig                            0x0800234b   Thumb Code     6  stm32f10x_rcc.o(.text)
    RCC_ClearFlag                            0x08002351   Thumb Code    14  stm32f10x_rcc.o(.text)
    RCC_GetITStatus                          0x0800235f   Thumb Code    20  stm32f10x_rcc.o(.text)
    RCC_ClearITPendingBit                    0x08002373   Thumb Code     6  stm32f10x_rcc.o(.text)
    TIM_DeInit                               0x0800239d   Thumb Code   424  stm32f10x_tim.o(.text)
    TIM_TimeBaseInit                         0x08002545   Thumb Code   122  stm32f10x_tim.o(.text)
    TIM_OC1Init                              0x080025bf   Thumb Code   132  stm32f10x_tim.o(.text)
    TIM_OC2Init                              0x08002643   Thumb Code   154  stm32f10x_tim.o(.text)
    TIM_OC3Init                              0x080026dd   Thumb Code   150  stm32f10x_tim.o(.text)
    TIM_OC4Init                              0x08002773   Thumb Code   182  stm32f10x_tim.o(.text)
    TIM_SetIC4Prescaler                      0x08002829   Thumb Code    26  stm32f10x_tim.o(.text)
    TIM_SetIC3Prescaler                      0x080028c5   Thumb Code    18  stm32f10x_tim.o(.text)
    TIM_SetIC2Prescaler                      0x08002951   Thumb Code    26  stm32f10x_tim.o(.text)
    TIM_SetIC1Prescaler                      0x080029ed   Thumb Code    18  stm32f10x_tim.o(.text)
    TIM_ICInit                               0x08002a6b   Thumb Code   150  stm32f10x_tim.o(.text)
    TIM_PWMIConfig                           0x08002b01   Thumb Code   124  stm32f10x_tim.o(.text)
    TIM_BDTRConfig                           0x08002b7d   Thumb Code    32  stm32f10x_tim.o(.text)
    TIM_TimeBaseStructInit                   0x08002b9d   Thumb Code    18  stm32f10x_tim.o(.text)
    TIM_OCStructInit                         0x08002baf   Thumb Code    20  stm32f10x_tim.o(.text)
    TIM_ICStructInit                         0x08002bc3   Thumb Code    18  stm32f10x_tim.o(.text)
    TIM_BDTRStructInit                       0x08002bd5   Thumb Code    40  stm32f10x_tim.o(.text)
    TIM_Cmd                                  0x08002bfd   Thumb Code    24  stm32f10x_tim.o(.text)
    TIM_CtrlPWMOutputs                       0x08002c15   Thumb Code    30  stm32f10x_tim.o(.text)
    TIM_ITConfig                             0x08002c33   Thumb Code    18  stm32f10x_tim.o(.text)
    TIM_GenerateEvent                        0x08002c45   Thumb Code     4  stm32f10x_tim.o(.text)
    TIM_DMAConfig                            0x08002c49   Thumb Code    10  stm32f10x_tim.o(.text)
    TIM_DMACmd                               0x08002c53   Thumb Code    18  stm32f10x_tim.o(.text)
    TIM_InternalClockConfig                  0x08002c65   Thumb Code    12  stm32f10x_tim.o(.text)
    TIM_SelectInputTrigger                   0x08002c71   Thumb Code    18  stm32f10x_tim.o(.text)
    TIM_ITRxExternalClockConfig              0x08002c83   Thumb Code    24  stm32f10x_tim.o(.text)
    TIM_TIxExternalClockConfig               0x08002c9b   Thumb Code    62  stm32f10x_tim.o(.text)
    TIM_ETRConfig                            0x08002cd9   Thumb Code    28  stm32f10x_tim.o(.text)
    TIM_ETRClockMode1Config                  0x08002cf5   Thumb Code    54  stm32f10x_tim.o(.text)
    TIM_ETRClockMode2Config                  0x08002d2b   Thumb Code    32  stm32f10x_tim.o(.text)
    TIM_PrescalerConfig                      0x08002d4b   Thumb Code     6  stm32f10x_tim.o(.text)
    TIM_CounterModeConfig                    0x08002d51   Thumb Code    18  stm32f10x_tim.o(.text)
    TIM_EncoderInterfaceConfig               0x08002d63   Thumb Code    66  stm32f10x_tim.o(.text)
    TIM_ForcedOC1Config                      0x08002da5   Thumb Code    18  stm32f10x_tim.o(.text)
    TIM_ForcedOC2Config                      0x08002db7   Thumb Code    26  stm32f10x_tim.o(.text)
    TIM_ForcedOC3Config                      0x08002dd1   Thumb Code    18  stm32f10x_tim.o(.text)
    TIM_ForcedOC4Config                      0x08002de3   Thumb Code    26  stm32f10x_tim.o(.text)
    TIM_ARRPreloadConfig                     0x08002dfd   Thumb Code    24  stm32f10x_tim.o(.text)
    TIM_SelectCOM                            0x08002e15   Thumb Code    24  stm32f10x_tim.o(.text)
    TIM_SelectCCDMA                          0x08002e2d   Thumb Code    24  stm32f10x_tim.o(.text)
    TIM_CCPreloadControl                     0x08002e45   Thumb Code    24  stm32f10x_tim.o(.text)
    TIM_OC1PreloadConfig                     0x08002e5d   Thumb Code    18  stm32f10x_tim.o(.text)
    TIM_OC2PreloadConfig                     0x08002e6f   Thumb Code    26  stm32f10x_tim.o(.text)
    TIM_OC3PreloadConfig                     0x08002e89   Thumb Code    18  stm32f10x_tim.o(.text)
    TIM_OC4PreloadConfig                     0x08002e9b   Thumb Code    26  stm32f10x_tim.o(.text)
    TIM_OC1FastConfig                        0x08002eb5   Thumb Code    18  stm32f10x_tim.o(.text)
    TIM_OC2FastConfig                        0x08002ec7   Thumb Code    26  stm32f10x_tim.o(.text)
    TIM_OC3FastConfig                        0x08002ee1   Thumb Code    18  stm32f10x_tim.o(.text)
    TIM_OC4FastConfig                        0x08002ef3   Thumb Code    26  stm32f10x_tim.o(.text)
    TIM_ClearOC1Ref                          0x08002f0d   Thumb Code    18  stm32f10x_tim.o(.text)
    TIM_ClearOC2Ref                          0x08002f1f   Thumb Code    24  stm32f10x_tim.o(.text)
    TIM_ClearOC3Ref                          0x08002f37   Thumb Code    18  stm32f10x_tim.o(.text)
    TIM_ClearOC4Ref                          0x08002f49   Thumb Code    24  stm32f10x_tim.o(.text)
    TIM_OC1PolarityConfig                    0x08002f61   Thumb Code    18  stm32f10x_tim.o(.text)
    TIM_OC1NPolarityConfig                   0x08002f73   Thumb Code    18  stm32f10x_tim.o(.text)
    TIM_OC2PolarityConfig                    0x08002f85   Thumb Code    26  stm32f10x_tim.o(.text)
    TIM_OC2NPolarityConfig                   0x08002f9f   Thumb Code    26  stm32f10x_tim.o(.text)
    TIM_OC3PolarityConfig                    0x08002fb9   Thumb Code    26  stm32f10x_tim.o(.text)
    TIM_OC3NPolarityConfig                   0x08002fd3   Thumb Code    26  stm32f10x_tim.o(.text)
    TIM_OC4PolarityConfig                    0x08002fed   Thumb Code    26  stm32f10x_tim.o(.text)
    TIM_CCxCmd                               0x08003007   Thumb Code    30  stm32f10x_tim.o(.text)
    TIM_CCxNCmd                              0x08003025   Thumb Code    30  stm32f10x_tim.o(.text)
    TIM_SelectOCxM                           0x08003043   Thumb Code    82  stm32f10x_tim.o(.text)
    TIM_UpdateDisableConfig                  0x08003095   Thumb Code    24  stm32f10x_tim.o(.text)
    TIM_UpdateRequestConfig                  0x080030ad   Thumb Code    24  stm32f10x_tim.o(.text)
    TIM_SelectHallSensor                     0x080030c5   Thumb Code    24  stm32f10x_tim.o(.text)
    TIM_SelectOnePulseMode                   0x080030dd   Thumb Code    18  stm32f10x_tim.o(.text)
    TIM_SelectOutputTrigger                  0x080030ef   Thumb Code    18  stm32f10x_tim.o(.text)
    TIM_SelectSlaveMode                      0x08003101   Thumb Code    18  stm32f10x_tim.o(.text)
    TIM_SelectMasterSlaveMode                0x08003113   Thumb Code    18  stm32f10x_tim.o(.text)
    TIM_SetCounter                           0x08003125   Thumb Code     4  stm32f10x_tim.o(.text)
    TIM_SetAutoreload                        0x08003129   Thumb Code     4  stm32f10x_tim.o(.text)
    TIM_SetCompare1                          0x0800312d   Thumb Code     4  stm32f10x_tim.o(.text)
    TIM_SetCompare2                          0x08003131   Thumb Code     4  stm32f10x_tim.o(.text)
    TIM_SetCompare3                          0x08003135   Thumb Code     4  stm32f10x_tim.o(.text)
    TIM_SetCompare4                          0x08003139   Thumb Code     6  stm32f10x_tim.o(.text)
    TIM_SetClockDivision                     0x0800313f   Thumb Code    18  stm32f10x_tim.o(.text)
    TIM_GetCapture1                          0x08003151   Thumb Code     6  stm32f10x_tim.o(.text)
    TIM_GetCapture2                          0x08003157   Thumb Code     6  stm32f10x_tim.o(.text)
    TIM_GetCapture3                          0x0800315d   Thumb Code     6  stm32f10x_tim.o(.text)
    TIM_GetCapture4                          0x08003163   Thumb Code     8  stm32f10x_tim.o(.text)
    TIM_GetCounter                           0x0800316b   Thumb Code     6  stm32f10x_tim.o(.text)
    TIM_GetPrescaler                         0x08003171   Thumb Code     6  stm32f10x_tim.o(.text)
    TIM_GetFlagStatus                        0x08003177   Thumb Code    18  stm32f10x_tim.o(.text)
    TIM_ClearFlag                            0x08003189   Thumb Code     6  stm32f10x_tim.o(.text)
    TIM_GetITStatus                          0x0800318f   Thumb Code    34  stm32f10x_tim.o(.text)
    TIM_ClearITPendingBit                    0x080031b1   Thumb Code     6  stm32f10x_tim.o(.text)
    SystemInit                               0x08003297   Thumb Code    78  system_stm32f10x.o(.text)
    SystemCoreClockUpdate                    0x080032e5   Thumb Code   142  system_stm32f10x.o(.text)
    __use_two_region_memory                  0x08003399   Thumb Code     2  heapauxi.o(.text)
    __rt_heap_escrow$2region                 0x0800339b   Thumb Code     2  heapauxi.o(.text)
    __rt_heap_expand$2region                 0x0800339d   Thumb Code     2  heapauxi.o(.text)
    __read_errno                             0x0800339f   Thumb Code    10  _rserrno.o(.text)
    __set_errno                              0x080033a9   Thumb Code    12  _rserrno.o(.text)
    __aeabi_errno_addr                       0x080033b5   Thumb Code     8  rt_errno_addr_intlibspace.o(.text)
    __errno$intlibspace                      0x080033b5   Thumb Code     0  rt_errno_addr_intlibspace.o(.text)
    __rt_errno_addr$intlibspace              0x080033b5   Thumb Code     0  rt_errno_addr_intlibspace.o(.text)
    __user_libspace                          0x080033bd   Thumb Code     8  libspace.o(.text)
    __user_perproc_libspace                  0x080033bd   Thumb Code     0  libspace.o(.text)
    __user_perthread_libspace                0x080033bd   Thumb Code     0  libspace.o(.text)
    __user_setup_stackheap                   0x080033c5   Thumb Code    74  sys_stackheap_outer.o(.text)
    exit                                     0x0800340f   Thumb Code    12  exit.o(.text)
    _sys_exit                                0x0800341d   Thumb Code     8  sys_exit.o(.text)
    __I$use$semihosting                      0x08003429   Thumb Code     0  use_no_semi.o(.text)
    __use_no_semihosting_swi                 0x08003429   Thumb Code     2  use_no_semi.o(.text)
    __ARM_fpclassify                         0x0800342b   Thumb Code    40  fpclassify.o(i.__ARM_fpclassify)
    __semihosting_library_function           0x0800342b   Thumb Code     0  indicate_semi.o(.text)
    __ieee754_rem_pio2                       0x08003455   Thumb Code   830  rred.o(i.__ieee754_rem_pio2)
    __kernel_cos                             0x080037dd   Thumb Code   230  cos_i.o(i.__kernel_cos)
    __kernel_poly                            0x080038d9   Thumb Code   170  poly.o(i.__kernel_poly)
    __kernel_sin                             0x08003985   Thumb Code   224  sin_i.o(i.__kernel_sin)
    __mathlib_dbl_underflow                  0x08003a71   Thumb Code    10  dunder.o(i.__mathlib_dbl_underflow)
    cos                                      0x08003a81   Thumb Code   164  cos.o(i.cos)
    __aeabi_dadd                             0x08003b2d   Thumb Code     0  daddsub_clz.o(x$fpl$dadd)
    _dadd                                    0x08003b2d   Thumb Code   332  daddsub_clz.o(x$fpl$dadd)
    __fpl_dcheck_NaN1                        0x08003c7d   Thumb Code    10  dcheck1.o(x$fpl$dcheck1)
    __fpl_dcmp_Inf                           0x08003c8d   Thumb Code    24  dcmpi.o(x$fpl$dcmpinf)
    __aeabi_ddiv                             0x08003ca5   Thumb Code     0  ddiv.o(x$fpl$ddiv)
    _ddiv                                    0x08003ca5   Thumb Code   552  ddiv.o(x$fpl$ddiv)
    __aeabi_d2iz                             0x08003f55   Thumb Code     0  dfix.o(x$fpl$dfix)
    _dfix                                    0x08003f55   Thumb Code    94  dfix.o(x$fpl$dfix)
    __aeabi_d2uiz                            0x08003fb5   Thumb Code     0  dfixu.o(x$fpl$dfixu)
    _dfixu                                   0x08003fb5   Thumb Code    90  dfixu.o(x$fpl$dfixu)
    __aeabi_i2d                              0x0800400f   Thumb Code     0  dflt_clz.o(x$fpl$dflt)
    _dflt                                    0x0800400f   Thumb Code    46  dflt_clz.o(x$fpl$dflt)
    __aeabi_ui2d                             0x0800403d   Thumb Code     0  dflt_clz.o(x$fpl$dfltu)
    _dfltu                                   0x0800403d   Thumb Code    38  dflt_clz.o(x$fpl$dfltu)
    __aeabi_cdcmple                          0x08004065   Thumb Code     0  dleqf.o(x$fpl$dleqf)
    _dcmple                                  0x08004065   Thumb Code   120  dleqf.o(x$fpl$dleqf)
    __fpl_dcmple_InfNaN                      0x080040c7   Thumb Code     0  dleqf.o(x$fpl$dleqf)
    __aeabi_dmul                             0x080040dd   Thumb Code     0  dmul.o(x$fpl$dmul)
    _dmul                                    0x080040dd   Thumb Code   332  dmul.o(x$fpl$dmul)
    __fpl_dnaninf                            0x08004231   Thumb Code   156  dnaninf.o(x$fpl$dnaninf)
    __fpl_dretinf                            0x080042cd   Thumb Code    12  dretinf.o(x$fpl$dretinf)
    __aeabi_cdrcmple                         0x080042d9   Thumb Code     0  drleqf.o(x$fpl$drleqf)
    _drcmple                                 0x080042d9   Thumb Code   108  drleqf.o(x$fpl$drleqf)
    __aeabi_drsub                            0x08004345   Thumb Code     0  daddsub_clz.o(x$fpl$drsb)
    _drsb                                    0x08004345   Thumb Code    22  daddsub_clz.o(x$fpl$drsb)
    __aeabi_dsub                             0x0800435d   Thumb Code     0  daddsub_clz.o(x$fpl$dsub)
    _dsub                                    0x0800435d   Thumb Code   464  daddsub_clz.o(x$fpl$dsub)
    __fpl_fcmp_Inf                           0x08004531   Thumb Code    24  fcmpi.o(x$fpl$fcmpinf)
    __aeabi_f2iz                             0x08004549   Thumb Code     0  ffix.o(x$fpl$ffix)
    _ffix                                    0x08004549   Thumb Code    54  ffix.o(x$fpl$ffix)
    __aeabi_f2uiz                            0x08004581   Thumb Code     0  ffixu.o(x$fpl$ffixu)
    _ffixu                                   0x08004581   Thumb Code    62  ffixu.o(x$fpl$ffixu)
    __aeabi_cfcmple                          0x080045c1   Thumb Code     0  fleqf.o(x$fpl$fleqf)
    _fcmple                                  0x080045c1   Thumb Code   104  fleqf.o(x$fpl$fleqf)
    __fpl_fcmple_InfNaN                      0x08004613   Thumb Code     0  fleqf.o(x$fpl$fleqf)
    __aeabi_fmul                             0x08004629   Thumb Code     0  fmul.o(x$fpl$fmul)
    _fmul                                    0x08004629   Thumb Code   258  fmul.o(x$fpl$fmul)
    __fpl_fnaninf                            0x0800472b   Thumb Code   140  fnaninf.o(x$fpl$fnaninf)
    __fpl_fretinf                            0x080047b7   Thumb Code    10  fretinf.o(x$fpl$fretinf)
    __fpl_return_NaN                         0x080047c1   Thumb Code   100  retnan.o(x$fpl$retnan)
    __ARM_scalbn                             0x08004825   Thumb Code    92  scalbn.o(x$fpl$scalbn)
    __fpl_cmpreturn                          0x08004881   Thumb Code    48  trapv.o(x$fpl$trapveneer)
    __I$use$fp                               0x080048b0   Number         0  usenofp.o(x$fpl$usenofp)
    sin_tbl                                  0x080048b0   Data        2520  main.o(.constdata)
    AC                                       0x08005288   Data          32  st7920.o(.constdata)
    Region$$Table$$Base                      0x080053c8   Number         0  anon$$obj.o(Region$$Table)
    Region$$Table$$Limit                     0x080053e8   Number         0  anon$$obj.o(Region$$Table)
    soft_cnt                                 0x20000000   Data           2  main.o(.data)
    out_fqc                                  0x20000002   Data           2  main.o(.data)
    out_volt                                 0x20000004   Data           2  main.o(.data)
    pre_out_fqc                              0x20000006   Data           2  main.o(.data)
    volt_cmd                                 0x20000008   Data           2  main.o(.data)
    sin_cut                                  0x2000000a   Data           2  main.o(.data)
    sin_pt                                   0x2000000c   Data           2  main.o(.data)
    sinpt_sum                                0x2000000e   Data           2  main.o(.data)
    key_value_past                           0x20000020   Data           4  key.o(.data)
    MODULATION_FREQ_MIN                      0x20000024   Data           2  spwm.o(.data)
    MODULATION_FREQ_MAX                      0x20000026   Data           2  spwm.o(.data)
    N                                        0x20000028   Data           2  spwm.o(.data)
    N120                                     0x2000002a   Data           2  spwm.o(.data)
    N240                                     0x2000002c   Data           2  spwm.o(.data)
    SystemCoreClock                          0x20000048   Data           4  system_stm32f10x.o(.data)
    AHBPrescTable                            0x2000004c   Data          16  system_stm32f10x.o(.data)
    pwm                                      0x2000005c   Data          28  main.o(.bss)
    SINWAVE_DATA                             0x20000078   Data        1200  spwm.o(.bss)
    __libspace_start                         0x20000528   Data          96  libspace.o(.bss)
    __temporary_stack_top$libspace           0x20000588   Data           0  libspace.o(.bss)



==============================================================================

Memory Map of the image

  Image Entry point : 0x08000131

  Load Region LR_IROM1 (Base: 0x08000000, Size: 0x00005444, Max: 0x00080000, ABSOLUTE)

    Execution Region ER_IROM1 (Base: 0x08000000, Size: 0x000053e8, Max: 0x00080000, ABSOLUTE)

    Base Addr    Size         Type   Attr      Idx    E Section Name        Object

    0x08000000   0x00000130   Data   RO            3    RESET               startup_stm32f10x_hd.o
    0x08000130   0x00000008   Code   RO          465  * !!!main             c_w.l(__main.o)
    0x08000138   0x00000034   Code   RO          717    !!!scatter          c_w.l(__scatter.o)
    0x0800016c   0x0000001a   Code   RO          719    !!handler_copy      c_w.l(__scatter_copy.o)
    0x08000186   0x00000002   PAD
    0x08000188   0x0000001c   Code   RO          721    !!handler_zi        c_w.l(__scatter_zi.o)
    0x080001a4   0x00000002   Code   RO          589    .ARM.Collect$$libinit$$00000000  c_w.l(libinit.o)
    0x080001a6   0x00000000   Code   RO          595    .ARM.Collect$$libinit$$00000002  c_w.l(libinit2.o)
    0x080001a6   0x00000000   Code   RO          598    .ARM.Collect$$libinit$$00000008  c_w.l(libinit2.o)
    0x080001a6   0x00000000   Code   RO          600    .ARM.Collect$$libinit$$0000000A  c_w.l(libinit2.o)
    0x080001a6   0x00000000   Code   RO          602    .ARM.Collect$$libinit$$0000000C  c_w.l(libinit2.o)
    0x080001a6   0x00000000   Code   RO          605    .ARM.Collect$$libinit$$0000000F  c_w.l(libinit2.o)
    0x080001a6   0x00000000   Code   RO          607    .ARM.Collect$$libinit$$00000011  c_w.l(libinit2.o)
    0x080001a6   0x00000000   Code   RO          609    .ARM.Collect$$libinit$$00000013  c_w.l(libinit2.o)
    0x080001a6   0x00000000   Code   RO          611    .ARM.Collect$$libinit$$00000015  c_w.l(libinit2.o)
    0x080001a6   0x00000000   Code   RO          613    .ARM.Collect$$libinit$$00000017  c_w.l(libinit2.o)
    0x080001a6   0x00000000   Code   RO          615    .ARM.Collect$$libinit$$00000019  c_w.l(libinit2.o)
    0x080001a6   0x00000000   Code   RO          617    .ARM.Collect$$libinit$$0000001B  c_w.l(libinit2.o)
    0x080001a6   0x00000000   Code   RO          619    .ARM.Collect$$libinit$$0000001D  c_w.l(libinit2.o)
    0x080001a6   0x00000000   Code   RO          621    .ARM.Collect$$libinit$$0000001F  c_w.l(libinit2.o)
    0x080001a6   0x00000000   Code   RO          623    .ARM.Collect$$libinit$$00000021  c_w.l(libinit2.o)
    0x080001a6   0x00000000   Code   RO          625    .ARM.Collect$$libinit$$00000023  c_w.l(libinit2.o)
    0x080001a6   0x00000000   Code   RO          629    .ARM.Collect$$libinit$$0000002A  c_w.l(libinit2.o)
    0x080001a6   0x00000000   Code   RO          631    .ARM.Collect$$libinit$$0000002C  c_w.l(libinit2.o)
    0x080001a6   0x00000000   Code   RO          633    .ARM.Collect$$libinit$$0000002E  c_w.l(libinit2.o)
    0x080001a6   0x00000000   Code   RO          635    .ARM.Collect$$libinit$$00000030  c_w.l(libinit2.o)
    0x080001a6   0x00000002   Code   RO          636    .ARM.Collect$$libinit$$00000031  c_w.l(libinit2.o)
    0x080001a8   0x00000002   Code   RO          658    .ARM.Collect$$libshutdown$$00000000  c_w.l(libshutdown.o)
    0x080001aa   0x00000000   Code   RO          672    .ARM.Collect$$libshutdown$$00000003  c_w.l(libshutdown2.o)
    0x080001aa   0x00000000   Code   RO          675    .ARM.Collect$$libshutdown$$00000006  c_w.l(libshutdown2.o)
    0x080001aa   0x00000000   Code   RO          678    .ARM.Collect$$libshutdown$$00000009  c_w.l(libshutdown2.o)
    0x080001aa   0x00000000   Code   RO          680    .ARM.Collect$$libshutdown$$0000000B  c_w.l(libshutdown2.o)
    0x080001aa   0x00000000   Code   RO          683    .ARM.Collect$$libshutdown$$0000000E  c_w.l(libshutdown2.o)
    0x080001aa   0x00000002   Code   RO          684    .ARM.Collect$$libshutdown$$0000000F  c_w.l(libshutdown2.o)
    0x080001ac   0x00000000   Code   RO          511    .ARM.Collect$$rtentry$$00000000  c_w.l(rtentry.o)
    0x080001ac   0x00000000   Code   RO          544    .ARM.Collect$$rtentry$$00000002  c_w.l(rtentry2.o)
    0x080001ac   0x00000006   Code   RO          556    .ARM.Collect$$rtentry$$00000004  c_w.l(rtentry4.o)
    0x080001b2   0x00000000   Code   RO          546    .ARM.Collect$$rtentry$$00000009  c_w.l(rtentry2.o)
    0x080001b2   0x00000004   Code   RO          547    .ARM.Collect$$rtentry$$0000000A  c_w.l(rtentry2.o)
    0x080001b6   0x00000000   Code   RO          549    .ARM.Collect$$rtentry$$0000000C  c_w.l(rtentry2.o)
    0x080001b6   0x00000008   Code   RO          550    .ARM.Collect$$rtentry$$0000000D  c_w.l(rtentry2.o)
    0x080001be   0x00000002   Code   RO          592    .ARM.Collect$$rtexit$$00000000  c_w.l(rtexit.o)
    0x080001c0   0x00000000   Code   RO          640    .ARM.Collect$$rtexit$$00000002  c_w.l(rtexit2.o)
    0x080001c0   0x00000004   Code   RO          641    .ARM.Collect$$rtexit$$00000003  c_w.l(rtexit2.o)
    0x080001c4   0x00000006   Code   RO          642    .ARM.Collect$$rtexit$$00000004  c_w.l(rtexit2.o)
    0x080001ca   0x00000002   PAD
    0x080001cc   0x00000040   Code   RO            4    .text               startup_stm32f10x_hd.o
    0x0800020c   0x0000039c   Code   RO           10    .text               main.o
    0x080005a8   0x00000066   Code   RO           99    .text               exti.o
    0x0800060e   0x00000002   PAD
    0x08000610   0x00000198   Code   RO          152    .text               stm32f10x_it.o
    0x080007a8   0x000000b4   Code   RO          170    .text               systick.o
    0x0800085c   0x00000034   Code   RO          191    .text               led.o
    0x08000890   0x000001c0   Code   RO          206    .text               timer.o
    0x08000a50   0x00000d30   Code   RO          222    .text               st7920.o
    0x08001780   0x000000fc   Code   RO          250    .text               key.o
    0x0800187c   0x00000344   Code   RO          301    .text               spwm.o
    0x08001bc0   0x000000dc   Code   RO          320    .text               misc.o
    0x08001c9c   0x0000035c   Code   RO          368    .text               stm32f10x_gpio.o
    0x08001ff8   0x000003a4   Code   RO          395    .text               stm32f10x_rcc.o
    0x0800239c   0x00000e1a   Code   RO          409    .text               stm32f10x_tim.o
    0x080031b6   0x00000002   PAD
    0x080031b8   0x000001e0   Code   RO          443    .text               system_stm32f10x.o
    0x08003398   0x00000006   Code   RO          463    .text               c_w.l(heapauxi.o)
    0x0800339e   0x00000016   Code   RO          512    .text               c_w.l(_rserrno.o)
    0x080033b4   0x00000008   Code   RO          561    .text               c_w.l(rt_errno_addr_intlibspace.o)
    0x080033bc   0x00000008   Code   RO          577    .text               c_w.l(libspace.o)
    0x080033c4   0x0000004a   Code   RO          580    .text               c_w.l(sys_stackheap_outer.o)
    0x0800340e   0x0000000c   Code   RO          582    .text               c_w.l(exit.o)
    0x0800341a   0x00000002   PAD
    0x0800341c   0x0000000c   Code   RO          650    .text               c_w.l(sys_exit.o)
    0x08003428   0x00000002   Code   RO          661    .text               c_w.l(use_no_semi.o)
    0x0800342a   0x00000000   Code   RO          663    .text               c_w.l(indicate_semi.o)
    0x0800342a   0x00000028   Code   RO          573    i.__ARM_fpclassify  m_ws.l(fpclassify.o)
    0x08003452   0x00000002   PAD
    0x08003454   0x00000388   Code   RO          532    i.__ieee754_rem_pio2  m_ws.l(rred.o)
    0x080037dc   0x000000fc   Code   RO          529    i.__kernel_cos      m_ws.l(cos_i.o)
    0x080038d8   0x000000aa   Code   RO          575    i.__kernel_poly     m_ws.l(poly.o)
    0x08003982   0x00000002   PAD
    0x08003984   0x000000ec   Code   RO          537    i.__kernel_sin      m_ws.l(sin_i.o)
    0x08003a70   0x00000010   Code   RO          571    i.__mathlib_dbl_underflow  m_ws.l(dunder.o)
    0x08003a80   0x000000ac   Code   RO          504    i.cos               m_ws.l(cos.o)
    0x08003b2c   0x00000150   Code   RO          467    x$fpl$dadd          fz_ws.l(daddsub_clz.o)
    0x08003c7c   0x00000010   Code   RO          563    x$fpl$dcheck1       fz_ws.l(dcheck1.o)
    0x08003c8c   0x00000018   Code   RO          565    x$fpl$dcmpinf       fz_ws.l(dcmpi.o)
    0x08003ca4   0x000002b0   Code   RO          474    x$fpl$ddiv          fz_ws.l(ddiv.o)
    0x08003f54   0x0000005e   Code   RO          567    x$fpl$dfix          fz_ws.l(dfix.o)
    0x08003fb2   0x00000002   PAD
    0x08003fb4   0x0000005a   Code   RO          477    x$fpl$dfixu         fz_ws.l(dfixu.o)
    0x0800400e   0x0000002e   Code   RO          482    x$fpl$dflt          fz_ws.l(dflt_clz.o)
    0x0800403c   0x00000026   Code   RO          481    x$fpl$dfltu         fz_ws.l(dflt_clz.o)
    0x08004062   0x00000002   PAD
    0x08004064   0x00000078   Code   RO          514    x$fpl$dleqf         fz_ws.l(dleqf.o)
    0x080040dc   0x00000154   Code   RO          487    x$fpl$dmul          fz_ws.l(dmul.o)
    0x08004230   0x0000009c   Code   RO          516    x$fpl$dnaninf       fz_ws.l(dnaninf.o)
    0x080042cc   0x0000000c   Code   RO          518    x$fpl$dretinf       fz_ws.l(dretinf.o)
    0x080042d8   0x0000006c   Code   RO          489    x$fpl$drleqf        fz_ws.l(drleqf.o)
    0x08004344   0x00000016   Code   RO          468    x$fpl$drsb          fz_ws.l(daddsub_clz.o)
    0x0800435a   0x00000002   PAD
    0x0800435c   0x000001d4   Code   RO          469    x$fpl$dsub          fz_ws.l(daddsub_clz.o)
    0x08004530   0x00000018   Code   RO          520    x$fpl$fcmpinf       fz_ws.l(fcmpi.o)
    0x08004548   0x00000036   Code   RO          491    x$fpl$ffix          fz_ws.l(ffix.o)
    0x0800457e   0x00000002   PAD
    0x08004580   0x0000003e   Code   RO          495    x$fpl$ffixu         fz_ws.l(ffixu.o)
    0x080045be   0x00000002   PAD
    0x080045c0   0x00000068   Code   RO          499    x$fpl$fleqf         fz_ws.l(fleqf.o)
    0x08004628   0x00000102   Code   RO          501    x$fpl$fmul          fz_ws.l(fmul.o)
    0x0800472a   0x0000008c   Code   RO          522    x$fpl$fnaninf       fz_ws.l(fnaninf.o)
    0x080047b6   0x0000000a   Code   RO          524    x$fpl$fretinf       fz_ws.l(fretinf.o)
    0x080047c0   0x00000064   Code   RO          590    x$fpl$retnan        fz_ws.l(retnan.o)
    0x08004824   0x0000005c   Code   RO          526    x$fpl$scalbn        fz_ws.l(scalbn.o)
    0x08004880   0x00000030   Code   RO          637    x$fpl$trapveneer    fz_ws.l(trapv.o)
    0x080048b0   0x00000000   Code   RO          528    x$fpl$usenofp       fz_ws.l(usenofp.o)
    0x080048b0   0x000009d8   Data   RO           12    .constdata          main.o
    0x08005288   0x00000020   Data   RO          223    .constdata          st7920.o
    0x080052a8   0x00000030   Data   RO          530    .constdata          m_ws.l(cos_i.o)
    0x080052d8   0x000000c8   Data   RO          534    .constdata          m_ws.l(rred.o)
    0x080053a0   0x00000028   Data   RO          538    .constdata          m_ws.l(sin_i.o)
    0x080053c8   0x00000020   Data   RO          715    Region$$Table       anon$$obj.o


    Execution Region RW_IRAM1 (Base: 0x20000000, Size: 0x00000b88, Max: 0x00010000, ABSOLUTE)

    Base Addr    Size         Type   Attr      Idx    E Section Name        Object

    0x20000000   0x00000010   Data   RW           13    .data               main.o
    0x20000010   0x0000000a   Data   RW          153    .data               stm32f10x_it.o
    0x2000001a   0x00000002   PAD
    0x2000001c   0x00000004   Data   RW          171    .data               systick.o
    0x20000020   0x00000004   Data   RW          251    .data               key.o
    0x20000024   0x0000000e   Data   RW          303    .data               spwm.o
    0x20000032   0x00000014   Data   RW          396    .data               stm32f10x_rcc.o
    0x20000046   0x00000002   PAD
    0x20000048   0x00000014   Data   RW          444    .data               system_stm32f10x.o
    0x2000005c   0x0000001c   Zero   RW           11    .bss                main.o
    0x20000078   0x000004b0   Zero   RW          302    .bss                spwm.o
    0x20000528   0x00000060   Zero   RW          578    .bss                c_w.l(libspace.o)
    0x20000588   0x00000200   Zero   RW            2    HEAP                startup_stm32f10x_hd.o
    0x20000788   0x00000400   Zero   RW            1    STACK               startup_stm32f10x_hd.o


==============================================================================

Image component sizes


      Code (inc. data)   RO Data    RW Data    ZI Data      Debug   Object Name

       102          0          0          0          0     242797   exti.o
       252         12          0          4          0       1290   key.o
        52          6          0          0          0        454   led.o
       924        142       2520         16         28     239267   main.o
       220         22          0          0          0       1709   misc.o
       836         74          0         14       1200       2206   spwm.o
      3376         24         32          0          0       9982   st7920.o
        64         26        304          0       1536        832   startup_stm32f10x_hd.o
       860         38          0          0          0       5557   stm32f10x_gpio.o
       408         46          0         10          0       2001   stm32f10x_it.o
       932         36          0         20          0       8700   stm32f10x_rcc.o
      3610         88          0          0          0      22044   stm32f10x_tim.o
       480         38          0         20          0       1731   system_stm32f10x.o
       180         18          0          4          0      16450   systick.o
       448         16          0          0          0       1139   timer.o

    ----------------------------------------------------------------------
     12748        586       2888         92       2764     556159   Object Totals
         0          0         32          0          0          0   (incl. Generated)
         4          0          0          4          0          0   (incl. Padding)

    ----------------------------------------------------------------------

      Code (inc. data)   RO Data    RW Data    ZI Data      Debug   Library Member Name

         8          0          0          0          0         68   __main.o
        52          8          0          0          0          0   __scatter.o
        26          0          0          0          0          0   __scatter_copy.o
        28          0          0          0          0          0   __scatter_zi.o
        22          0          0          0          0        100   _rserrno.o
        12          0          0          0          0         72   exit.o
         6          0          0          0          0        152   heapauxi.o
         0          0          0          0          0          0   indicate_semi.o
         2          0          0          0          0          0   libinit.o
         2          0          0          0          0          0   libinit2.o
         2          0          0          0          0          0   libshutdown.o
         2          0          0          0          0          0   libshutdown2.o
         8          4          0          0         96         68   libspace.o
         8          4          0          0          0         68   rt_errno_addr_intlibspace.o
         0          0          0          0          0          0   rtentry.o
        12          0          0          0          0          0   rtentry2.o
         6          0          0          0          0          0   rtentry4.o
         2          0          0          0          0          0   rtexit.o
        10          0          0          0          0          0   rtexit2.o
        12          4          0          0          0         68   sys_exit.o
        74          0          0          0          0         80   sys_stackheap_outer.o
         2          0          0          0          0         68   use_no_semi.o
       826         16          0          0          0        348   daddsub_clz.o
        16          4          0          0          0         68   dcheck1.o
        24          0          0          0          0         68   dcmpi.o
       688        140          0          0          0        208   ddiv.o
        94          4          0          0          0         92   dfix.o
        90          4          0          0          0         92   dfixu.o
        84          0          0          0          0        136   dflt_clz.o
       120          4          0          0          0         92   dleqf.o
       340         12          0          0          0        104   dmul.o
       156          4          0          0          0         92   dnaninf.o
        12          0          0          0          0         68   dretinf.o
       108          0          0          0          0         80   drleqf.o
        24          0          0          0          0         68   fcmpi.o
        54          4          0          0          0         84   ffix.o
        62          4          0          0          0         84   ffixu.o
       104          4          0          0          0         84   fleqf.o
       258          4          0          0          0         84   fmul.o
       140          4          0          0          0         84   fnaninf.o
        10          0          0          0          0         68   fretinf.o
       100          0          0          0          0         68   retnan.o
        92          0          0          0          0         68   scalbn.o
        48          0          0          0          0         68   trapv.o
         0          0          0          0          0          0   usenofp.o
       172          8          0          0          0        112   cos.o
       252         22         48          0          0        124   cos_i.o
        16          6          0          0          0         68   dunder.o
        40          0          0          0          0         68   fpclassify.o
       170          0          0          0          0         96   poly.o
       904         74        200          0          0        140   rred.o
       236         12         40          0          0        128   sin_i.o

    ----------------------------------------------------------------------
      5556        350        288          0         96       3688   Library Totals
        20          0          0          0          0          0   (incl. Padding)

    ----------------------------------------------------------------------

      Code (inc. data)   RO Data    RW Data    ZI Data      Debug   Library Name

       296         20          0          0         96        744   c_w.l
      3450        208          0          0          0       2208   fz_ws.l
      1790        122        288          0          0        736   m_ws.l

    ----------------------------------------------------------------------
      5556        350        288          0         96       3688   Library Totals

    ----------------------------------------------------------------------

==============================================================================


      Code (inc. data)   RO Data    RW Data    ZI Data      Debug   

     18304        936       3176         92       2860     556775   Grand Totals
     18304        936       3176         92       2860     556775   ELF Image Totals
     18304        936       3176         92          0          0   ROM Totals

==============================================================================

    Total RO  Size (Code + RO Data)                21480 (  20.98kB)
    Total RW  Size (RW Data + ZI Data)              2952 (   2.88kB)
    Total ROM Size (Code + RO Data + RW Data)      21572 (  21.07kB)

==============================================================================

